[13:48:42] STEP4 scrape marker 1 pos=[-0.1946 -0.4052  0.0862] euler_deg=[-50.4   86.03 129.95] estimated=False
[13:48:51] STEP6 scrape marker 1 pos=[-0.1946 -0.4052  0.0862] euler_deg=[-50.4   86.03 129.95] estimated=False
[13:48:55] ROTATE current_joints_deg=[-31.9, 45.5, 4.7, -65.5, 16.0, 64.9]
[13:48:55] ROTATE j6 64.9 deg --(-60)--> target 4.9 deg; exceeds_155=False exceeds_180=False
[13:48:59] ROTATE move_to(rotated) ok=True
[13:49:04] ROTATE move_to(restore) ok=True joints_after=[-32.0, 45.5, 4.6, -65.4, 16.0, 64.7]
[13:49:32] STEP4 scrape marker 1 pos=[-0.2058 -0.4184  0.1099] euler_deg=[165.1   85.07 -88.97] estimated=None
[13:49:42] STEP6 scrape marker 1 pos=[-0.2058 -0.4184  0.1099] euler_deg=[165.1   85.07 -88.97] estimated=None
[13:49:45] ROTATE current_joints_deg=[-29.8, 54.1, -5.6, -68.8, 23.8, 65.8]
[13:49:45] ROTATE j6 65.8 deg --(-60)--> target 5.8 deg; exceeds_155=False exceeds_180=False
[13:50:32] ROTATE move_to(rotated) ok=False
[13:50:34] ROTATE move_to(restore) ok=True joints_after=[-29.9, 54.1, -5.6, -68.7, 23.8, 65.8]
[13:58:04] STEP4 scrape marker 1 pos=[-0.1956 -0.4024  0.0871] euler_deg=[-57.98  86.53 142.58] estimated=False
[13:58:13] STEP6 scrape marker 1 pos=[-0.1956 -0.4024  0.0871] euler_deg=[-57.98  86.53 142.58] estimated=False
[13:58:17] ROTATE current_joints_deg=[-31.6, 46.5, 2.8, -66.5, 16.8, 58.7]
[13:58:17] ROTATE j6 58.7 deg --(-60)--> target -1.3 deg; exceeds_155=False exceeds_180=False
[13:58:21] ROTATE move_to(rotated) ok=True
[13:58:25] ROTATE move_to(restore) ok=True joints_after=[-31.6, 46.5, 2.8, -66.5, 16.8, 58.5]
[14:01:46] STEP4 scrape marker 1 pos=[-0.1956 -0.4024  0.0871] euler_deg=[-57.98  86.53 142.58] estimated=False
[14:01:56] STEP6 scrape marker 1 pos=[-0.1956 -0.4024  0.0871] euler_deg=[-57.98  86.53 142.58] estimated=False
[14:01:59] ROTATE current_joints_deg=[-31.6, 46.7, 2.8, -66.3, 16.7, 58.9]
[14:01:59] ROTATE j6 58.9 deg --(-60)--> target -1.1 deg; exceeds_155=False exceeds_180=False
[14:02:03] ROTATE move_to(rotated) ok=True
[14:02:08] ROTATE move_to(restore) ok=True joints_after=[-31.6, 46.6, 2.8, -66.3, 16.7, 58.8]
[14:02:36] STEP4 scrape marker 1 pos=[-0.1956 -0.4024  0.0871] euler_deg=[-57.98  86.53 142.58] estimated=False
[14:02:53] STEP6 scrape marker 1 pos=[-0.1956 -0.4024  0.0871] euler_deg=[-57.98  86.53 142.58] estimated=False
[14:02:57] ROTATE current_joints_deg=[-31.6, 46.8, 2.7, -66.3, 16.7, 59.0]
[14:02:57] ROTATE j6 59.0 deg --(-60)--> target -1.0 deg; exceeds_155=False exceeds_180=False
[14:03:01] ROTATE move_to(rotated) ok=True
[14:03:05] ROTATE move_to(restore) ok=True joints_after=[-31.6, 46.9, 2.7, -66.3, 16.8, 58.9]
[14:03:34] STEP4 scrape marker 1 pos=[-0.1956 -0.4024  0.0871] euler_deg=[-57.98  86.53 142.58] estimated=False
[14:03:43] STEP6 scrape marker 1 pos=[-0.1956 -0.4024  0.0871] euler_deg=[-57.98  86.53 142.58] estimated=False
[14:03:46] ROTATE current_joints_deg=[-31.6, 46.8, 2.4, -66.4, 16.8, 58.7]
[14:03:47] ROTATE j6 58.7 deg --(-60)--> target -1.3 deg; exceeds_155=False exceeds_180=False
[14:03:50] ROTATE move_to(rotated) ok=True
[14:03:55] ROTATE move_to(restore) ok=True joints_after=[-31.6, 46.8, 2.4, -66.4, 16.8, 58.4]
[14:04:23] STEP4 scrape marker 1 pos=[-0.1956 -0.4024  0.0871] euler_deg=[-57.98  86.53 142.58] estimated=False
[14:04:32] STEP6 scrape marker 1 pos=[-0.1956 -0.4024  0.0871] euler_deg=[-57.98  86.53 142.58] estimated=False
[14:04:36] ROTATE current_joints_deg=[-31.5, 46.8, 2.5, -66.4, 16.8, 58.7]
[14:04:36] ROTATE j6 58.7 deg --(-60)--> target -1.3 deg; exceeds_155=False exceeds_180=False
[14:04:40] ROTATE move_to(rotated) ok=True
[14:04:44] ROTATE move_to(restore) ok=True joints_after=[-31.5, 46.8, 2.4, -66.4, 16.8, 58.5]
[14:05:12] STEP4 scrape marker 1 pos=[-0.1956 -0.4024  0.0871] euler_deg=[-57.98  86.53 142.58] estimated=False
[14:05:21] STEP6 scrape marker 1 pos=[-0.1956 -0.4024  0.0871] euler_deg=[-57.98  86.53 142.58] estimated=False
[14:05:25] ROTATE current_joints_deg=[-31.5, 46.6, 2.6, -66.4, 16.8, 58.7]
[14:05:25] ROTATE j6 58.7 deg --(-60)--> target -1.3 deg; exceeds_155=False exceeds_180=False
[14:05:29] ROTATE move_to(rotated) ok=True
[14:05:34] ROTATE move_to(restore) ok=True joints_after=[-31.6, 46.7, 2.6, -66.3, 16.7, 58.5]
[14:06:02] STEP4 scrape marker 1 pos=[-0.1956 -0.4024  0.0871] euler_deg=[-57.98  86.53 142.58] estimated=False
[14:06:11] STEP6 scrape marker 1 pos=[-0.1956 -0.4024  0.0871] euler_deg=[-57.98  86.53 142.58] estimated=False
[14:06:15] ROTATE current_joints_deg=[-31.5, 46.8, 2.8, -66.4, 16.7, 60.3]
[14:06:15] ROTATE j6 60.3 deg --(-60)--> target 0.3 deg; exceeds_155=False exceeds_180=False
[14:06:19] ROTATE move_to(rotated) ok=True
[14:06:23] ROTATE move_to(restore) ok=True joints_after=[-31.5, 46.7, 2.8, -66.4, 16.7, 60.1]
[14:06:51] STEP4 scrape marker 1 pos=[-0.1956 -0.4024  0.0871] euler_deg=[-57.98  86.53 142.58] estimated=False
[14:07:00] STEP6 scrape marker 1 pos=[-0.1956 -0.4024  0.0871] euler_deg=[-57.98  86.53 142.58] estimated=False
[14:07:04] ROTATE current_joints_deg=[-31.5, 46.6, 2.8, -66.4, 16.7, 60.6]
[14:07:04] ROTATE j6 60.6 deg --(-60)--> target 0.6 deg; exceeds_155=False exceeds_180=False
[14:07:08] ROTATE move_to(rotated) ok=True
[14:07:13] ROTATE move_to(restore) ok=True joints_after=[-31.6, 46.6, 2.8, -66.4, 16.7, 60.4]
[14:07:41] STEP4 scrape marker 1 pos=[-0.1956 -0.4024  0.0871] euler_deg=[-57.98  86.53 142.58] estimated=False
[14:07:59] STEP6 scrape marker 1 pos=[-0.1956 -0.4024  0.0871] euler_deg=[-57.98  86.53 142.58] estimated=False
[14:08:03] ROTATE current_joints_deg=[-31.6, 46.7, 2.9, -66.2, 16.7, 59.1]
[14:08:03] ROTATE j6 59.1 deg --(-60)--> target -0.9 deg; exceeds_155=False exceeds_180=False
[14:08:07] ROTATE move_to(rotated) ok=True
[14:08:12] ROTATE move_to(restore) ok=True joints_after=[-31.5, 46.7, 2.9, -66.3, 16.6, 58.9]
[14:08:40] STEP4 scrape marker 1 pos=[-0.1956 -0.4024  0.0871] euler_deg=[-57.98  86.53 142.58] estimated=False
[14:11:54] STEP4 scrape marker 1 pos=[-0.19 -0.48  0.08] euler_deg=[90. 90.  0.] estimated=True
[14:11:59] STEP4 arrived standoff joints_deg=[-26.5, 64.5, -34.3, -76.2, 22.5, 34.6]
[14:12:02] STEP5 arrived DEPTH joints_deg=[1.3, 55.9, -13.3, -91.0, -0.9, 42.6]
[14:12:02] STEP6 scrape marker 1 pos=[-0.19 -0.48  0.08] euler_deg=[90. 90.  0.] estimated=True
[14:12:06] ROTATE current_joints_deg=[-26.4, 64.7, -34.7, -76.0, 22.7, 32.6]
[14:12:06] ROTATE j6 32.6 deg --(-60)--> target -27.4 deg; exceeds_155=False exceeds_180=False
[14:12:10] ROTATE move_to(rotated) ok=True
[14:12:14] ROTATE move_to(restore) ok=True joints_after=[-26.4, 64.6, -34.8, -76.0, 22.6, 32.4]
[14:12:50] STEP4 scrape marker 1 pos=[-0.19 -0.48  0.08] euler_deg=[90. 90.  0.] estimated=True
[14:12:55] STEP4 arrived standoff joints_deg=[-26.4, 64.4, -34.5, -76.3, 22.6, 34.1]
[14:12:59] STEP5 arrived DEPTH joints_deg=[1.3, 55.7, -13.0, -90.9, -1.0, 42.8]
[14:12:59] STEP6 scrape marker 1 pos=[-0.19 -0.48  0.08] euler_deg=[90. 90.  0.] estimated=True
[14:13:02] ROTATE current_joints_deg=[-26.3, 64.5, -34.3, -76.0, 22.6, 32.9]
[14:13:02] ROTATE j6 32.9 deg --(-60)--> target -27.1 deg; exceeds_155=False exceeds_180=False
[14:13:06] ROTATE move_to(rotated) ok=True
[14:13:11] ROTATE move_to(restore) ok=True joints_after=[-26.3, 64.5, -34.3, -76.0, 22.6, 32.7]
[14:24:54] STEP4 scrape marker 1 pos=[-0.1967 -0.3702  0.0791] euler_deg=[-37.88  88.21 153.06] estimated=False
[14:24:59] STEP4 arrived standoff joints_deg=[-29.4, 53.9, -7.8, -68.1, 17.9, 28.1]
[14:25:03] STEP5 arrived DEPTH joints_deg=[2.7, 49.1, 8.4, -92.5, -3.2, 32.3]
[14:25:03] STEP6 scrape marker 1 pos=[-0.1967 -0.3702  0.0791] euler_deg=[-37.88  88.21 153.06] estimated=False
[14:25:07] ROTATE current_joints_deg=[-29.2, 54.1, -8.2, -68.0, 18.2, 27.9]
[14:25:07] ROTATE j6 27.9 deg --(-60)--> target -32.1 deg; exceeds_155=False exceeds_180=False
[14:25:10] ROTATE move_to(rotated) ok=True
[14:27:51] STEP4 scrape marker 1 pos=[-0.1943 -0.3975  0.0867] euler_deg=[-77.5   84.52 168.4 ] estimated=False
[14:27:57] STEP4 arrived standoff joints_deg=[-32.6, 46.4, 5.3, -67.6, 15.4, 55.4]
[14:28:01] STEP5 arrived DEPTH joints_deg=[2.7, 42.9, 16.9, -96.4, -5.1, 57.5]
[14:28:01] STEP6 scrape marker 1 pos=[-0.1943 -0.3975  0.0867] euler_deg=[-77.5   84.52 168.4 ] estimated=False
[14:28:04] ROTATE current_joints_deg=[-32.5, 46.2, 5.4, -67.3, 15.6, 56.2]
[14:28:04] ROTATE j6 56.2 deg --(-60)--> target -3.8 deg; exceeds_155=False exceeds_180=False
[14:28:08] ROTATE move_to(rotated) ok=True
[14:28:13] ROTATE move_to(restore) ok=True joints_after=[-32.5, 46.2, 5.4, -67.3, 15.6, 56.0]
[14:28:41] STEP4 scrape marker 1 pos=[-0.1943 -0.3975  0.0867] euler_deg=[-77.5   84.52 168.4 ] estimated=False
[14:28:46] STEP4 arrived standoff joints_deg=[-32.7, 46.5, 5.3, -67.5, 15.4, 59.3]
[14:28:50] STEP5 arrived DEPTH joints_deg=[2.6, 43.0, 16.8, -96.3, -5.1, 59.2]
[14:28:50] STEP6 scrape marker 1 pos=[-0.1943 -0.3975  0.0867] euler_deg=[-77.5   84.52 168.4 ] estimated=False
[14:28:54] ROTATE current_joints_deg=[-32.4, 46.5, 5.1, -67.5, 15.4, 54.9]
[14:28:54] ROTATE j6 54.9 deg --(-60)--> target -5.1 deg; exceeds_155=False exceeds_180=False
[14:28:58] ROTATE move_to(rotated) ok=True
[14:29:03] ROTATE move_to(restore) ok=True joints_after=[-32.3, 46.5, 5.1, -67.4, 15.4, 54.7]
[14:29:31] STEP4 scrape marker 1 pos=[-0.1943 -0.3975  0.0867] euler_deg=[-77.5   84.52 168.4 ] estimated=False
[14:29:36] STEP4 arrived standoff joints_deg=[-32.7, 46.4, 5.1, -67.6, 15.6, 56.1]
[14:29:40] STEP5 arrived DEPTH joints_deg=[2.7, 43.0, 16.7, -96.4, -5.1, 58.8]
[14:29:40] STEP6 scrape marker 1 pos=[-0.1943 -0.3975  0.0867] euler_deg=[-77.5   84.52 168.4 ] estimated=False
[14:29:44] ROTATE current_joints_deg=[-32.5, 46.6, 5.0, -67.4, 15.6, 55.6]
[14:29:44] ROTATE j6 55.6 deg --(-60)--> target -4.4 deg; exceeds_155=False exceeds_180=False
[14:30:31] ROTATE move_to(rotated) ok=False
[14:30:32] ROTATE move_to(restore) ok=True joints_after=[-32.5, 46.6, 5.1, -67.3, 15.6, 55.6]
[14:38:59] STEP4 scrape marker 1 pos=[-0.1949 -0.402   0.087 ] euler_deg=[-75.72  84.33 166.33] estimated=False
[14:39:04] STEP4 arrived standoff joints_deg=[-32.3, 46.5, 4.5, -68.0, 15.2, 56.7]
[14:39:08] STEP5 arrived DEPTH joints_deg=[2.8, 43.2, 15.9, -96.5, -5.6, 57.8]
[14:39:08] STEP6 scrape marker 1 pos=[-0.1949 -0.402   0.087 ] euler_deg=[-75.72  84.33 166.33] estimated=False
[14:39:12] ROTATE current_joints_deg=[-32.2, 46.2, 4.8, -67.7, 15.4, 56.6]
[14:39:12] ROTATE j6 56.6 deg --(-60)--> target -3.4 deg; exceeds_155=False exceeds_180=False
[14:39:16] ROTATE move_to(rotated) ok=True
[14:39:20] ROTATE move_to(restore) ok=True joints_after=[-32.2, 46.2, 4.8, -67.7, 15.3, 56.4]
[14:39:47] STEP4 scrape marker 1 pos=[-0.1949 -0.402   0.087 ] euler_deg=[-75.72  84.33 166.33] estimated=False
[14:39:52] STEP4 arrived standoff joints_deg=[-32.3, 46.4, 4.6, -68.1, 15.2, 55.4]
[14:39:56] STEP5 arrived DEPTH joints_deg=[2.8, 43.2, 15.7, -96.5, -5.5, 57.8]
[14:39:56] STEP6 scrape marker 1 pos=[-0.1949 -0.402   0.087 ] euler_deg=[-75.72  84.33 166.33] estimated=False
[14:40:00] ROTATE current_joints_deg=[-32.3, 46.3, 4.8, -67.7, 15.3, 53.9]
[14:40:00] ROTATE j6 53.9 deg --(-60)--> target -6.1 deg; exceeds_155=False exceeds_180=False
[14:40:04] ROTATE move_to(rotated) ok=True
[14:40:09] ROTATE move_to(restore) ok=True joints_after=[-32.3, 46.3, 4.8, -67.6, 15.3, 53.8]
[14:40:36] STEP4 scrape marker 1 pos=[-0.1949 -0.402   0.087 ] euler_deg=[-75.72  84.33 166.33] estimated=False
[14:40:41] STEP4 arrived standoff joints_deg=[-32.2, 46.3, 4.5, -68.1, 15.2, 55.9]
[14:40:45] STEP5 arrived DEPTH joints_deg=[3.0, 43.2, 15.8, -96.6, -5.6, 56.5]
[14:40:45] STEP6 scrape marker 1 pos=[-0.1949 -0.402   0.087 ] euler_deg=[-75.72  84.33 166.33] estimated=False
[14:40:49] ROTATE current_joints_deg=[-32.1, 46.5, 4.6, -67.9, 15.2, 56.2]
[14:40:49] ROTATE j6 56.2 deg --(-60)--> target -3.8 deg; exceeds_155=False exceeds_180=False
[14:40:53] ROTATE move_to(rotated) ok=True
[14:40:57] ROTATE move_to(restore) ok=True joints_after=[-32.1, 46.5, 4.6, -67.9, 15.2, 55.9]
[14:41:38] STEP4 scrape marker 1 pos=[-0.1949 -0.402   0.087 ] euler_deg=[-75.72  84.33 166.33] estimated=False
[14:41:43] STEP4 arrived standoff joints_deg=[-32.4, 46.5, 4.6, -68.0, 15.2, 54.0]
[14:41:47] STEP5 arrived DEPTH joints_deg=[2.9, 43.3, 15.5, -96.4, -5.6, 56.6]
[14:41:47] STEP6 scrape marker 1 pos=[-0.1949 -0.402   0.087 ] euler_deg=[-75.72  84.33 166.33] estimated=False
[14:41:50] ROTATE current_joints_deg=[-32.2, 46.4, 4.4, -67.9, 15.5, 53.6]
[14:41:50] ROTATE j6 53.6 deg --(-60)--> target -6.4 deg; exceeds_155=False exceeds_180=False
[14:41:54] ROTATE move_to(rotated) ok=True
[14:41:59] ROTATE move_to(restore) ok=True joints_after=[-32.3, 46.4, 4.4, -67.9, 15.4, 53.3]
[14:42:26] STEP4 scrape marker 1 pos=[-0.1949 -0.402   0.087 ] euler_deg=[-75.72  84.33 166.33] estimated=False
[14:42:31] STEP4 arrived standoff joints_deg=[-32.2, 46.3, 4.5, -68.1, 15.3, 53.8]
[14:42:35] STEP5 arrived DEPTH joints_deg=[2.8, 43.3, 15.6, -96.4, -5.5, 58.1]
[14:42:35] STEP6 scrape marker 1 pos=[-0.1949 -0.402   0.087 ] euler_deg=[-75.72  84.33 166.33] estimated=False
[14:42:39] ROTATE current_joints_deg=[-32.2, 46.2, 4.6, -67.7, 15.4, 54.9]
[14:42:39] ROTATE j6 54.9 deg --(-60)--> target -5.1 deg; exceeds_155=False exceeds_180=False
[14:43:26] ROTATE move_to(rotated) ok=False
[14:43:28] ROTATE move_to(restore) ok=True joints_after=[-32.3, 46.3, 4.6, -67.8, 15.4, 54.9]
[14:55:10] STEP4 scrape marker 1 pos=[-0.1964 -0.4208  0.0922] euler_deg=[-90.57  83.48 165.37] estimated=False
[14:55:15] STEP4 arrived standoff joints_deg=[-33.5, 45.8, 10.3, -67.5, 14.7, 75.9]
[15:58:13] STEP4 scrape marker 1 pos=[-0.1955 -0.4517  0.0889] euler_deg=[-58.98  88.38 141.08] estimated=False
[15:58:18] STEP4 arrived standoff joints_deg=[-28.5, 54.3, -14.2, -71.4, 19.7, 51.6]
[15:58:22] STEP5 arrived DEPTH joints_deg=[2.4, 48.3, 2.1, -92.5, -3.1, 58.5]
[15:58:22] STEP6 scrape marker 1 pos=[-0.1955 -0.4517  0.0889] euler_deg=[-58.98  88.38 141.08] estimated=False
[15:58:26] ROTATE current_joints_deg=[-28.2, 54.3, -14.1, -71.2, 19.6, 51.6]
[15:58:26] ROTATE j6 51.6 deg --(-60)--> target -8.4 deg; exceeds_155=False exceeds_180=False
[15:58:34] ROTATE move_to(rotated) ok=True
[15:58:42] ROTATE move_to(restore) ok=True joints_after=[-28.2, 54.4, -14.1, -71.2, 19.6, 51.6]
[15:59:15] STEP4 scrape marker 1 pos=[-0.1955 -0.4517  0.0889] euler_deg=[-58.98  88.38 141.08] estimated=False
[15:59:20] STEP4 arrived standoff joints_deg=[-28.6, 54.1, -13.7, -71.2, 19.6, 52.0]
[15:59:24] STEP5 arrived DEPTH joints_deg=[2.4, 48.5, 2.1, -92.5, -3.1, 58.5]
[15:59:24] STEP6 scrape marker 1 pos=[-0.1955 -0.4517  0.0889] euler_deg=[-58.98  88.38 141.08] estimated=False
[15:59:27] ROTATE current_joints_deg=[-28.4, 54.3, -14.1, -71.1, 19.8, 51.6]
[15:59:27] ROTATE j6 51.6 deg --(-60)--> target -8.4 deg; exceeds_155=False exceeds_180=False
[15:59:35] ROTATE move_to(rotated) ok=True
[15:59:44] ROTATE move_to(restore) ok=True joints_after=[-28.4, 54.3, -14.1, -71.1, 19.8, 51.5]
[16:00:11] STEP4 scrape marker 1 pos=[-0.1955 -0.4517  0.0889] euler_deg=[-58.98  88.38 141.08] estimated=False
[16:00:16] STEP4 arrived standoff joints_deg=[-28.5, 54.1, -13.8, -71.4, 19.7, 51.8]
[16:00:20] STEP5 arrived DEPTH joints_deg=[2.4, 48.3, 2.3, -92.4, -3.1, 58.5]
[16:00:20] STEP6 scrape marker 1 pos=[-0.1955 -0.4517  0.0889] euler_deg=[-58.98  88.38 141.08] estimated=False
[16:00:24] ROTATE current_joints_deg=[-28.3, 54.3, -13.9, -71.0, 19.6, 51.9]
[16:00:24] ROTATE j6 51.9 deg --(-60)--> target -8.1 deg; exceeds_155=False exceeds_180=False
[16:00:32] ROTATE move_to(rotated) ok=True
[16:00:40] ROTATE move_to(restore) ok=True joints_after=[-28.3, 54.3, -13.9, -71.0, 19.7, 51.9]
[16:01:08] STEP4 scrape marker 1 pos=[-0.1955 -0.4517  0.0889] euler_deg=[-58.98  88.38 141.08] estimated=False
[16:01:13] STEP4 arrived standoff joints_deg=[-28.4, 54.3, -13.9, -71.4, 19.6, 52.2]
[16:01:17] STEP5 arrived DEPTH joints_deg=[2.4, 48.2, 2.4, -92.4, -3.0, 58.6]
[16:01:17] STEP6 scrape marker 1 pos=[-0.1955 -0.4517  0.0889] euler_deg=[-58.98  88.38 141.08] estimated=False
[16:01:20] ROTATE current_joints_deg=[-28.2, 54.2, -13.8, -71.1, 19.5, 51.8]
[16:01:20] ROTATE j6 51.8 deg --(-60)--> target -8.2 deg; exceeds_155=False exceeds_180=False
[16:01:28] ROTATE move_to(rotated) ok=True
[16:01:37] ROTATE move_to(restore) ok=True joints_after=[-28.2, 54.2, -13.8, -71.1, 19.6, 51.8]
[16:57:02] STEP4 scrape marker 1 pos=[-0.1906 -0.4441  0.0935] euler_deg=[-84.83  86.66 167.87] estimated=False
[16:57:07] STEP4 arrived standoff joints_deg=[-30.3, 51.9, -8.6, -70.9, 19.0, 54.2]
[16:57:11] STEP5 arrived DEPTH joints_deg=[1.9, 46.5, 5.8, -94.0, -3.5, 59.4]
[16:57:11] STEP6 scrape marker 1 pos=[-0.1906 -0.4441  0.0935] euler_deg=[-84.83  86.66 167.87] estimated=False
[16:57:14] ROTATE current_joints_deg=[-30.1, 52.1, -8.7, -70.6, 19.0, 53.7]
[16:57:14] ROTATE j6 53.7 deg --(-60)--> target -6.3 deg; exceeds_155=False exceeds_180=False
[16:57:22] ROTATE move_to(rotated) ok=True
[16:57:31] ROTATE move_to(restore) ok=True joints_after=[-30.1, 52.1, -8.7, -70.6, 19.0, 53.7]
[17:38:19] STEP4 scrape marker 1 pos=[-0.1908 -0.4405  0.0912] euler_deg=[-91.85  86.37 176.9 ] estimated=False
[17:38:25] STEP4 arrived standoff joints_deg=[-30.3, 52.3, -7.6, -71.1, 18.6, 52.8]
[17:38:28] STEP5 arrived DEPTH joints_deg=[1.7, 46.9, 6.1, -94.3, -3.1, 58.1]
[17:38:28] STEP6 scrape marker 1 pos=[-0.1908 -0.4405  0.0912] euler_deg=[-91.85  86.37 176.9 ] estimated=False
[17:38:32] ROTATE current_joints_deg=[-30.2, 52.3, -7.9, -70.8, 18.7, 52.5]
[17:38:32] ROTATE j6 52.5 deg --(-60)--> target -7.5 deg; exceeds_155=False exceeds_180=False
[17:38:40] ROTATE move_to(rotated) ok=True
[17:38:48] ROTATE move_to(restore) ok=True joints_after=[-30.1, 52.3, -8.0, -70.9, 18.7, 52.5]
[09:59:41] STEP4 scrape marker 1 pos=[-0.193  -0.4261  0.0877] euler_deg=[-84.65  87.01 175.34] estimated=False
[09:59:47] STEP4 arrived standoff joints_deg=[-30.0, 52.4, -7.8, -70.5, 18.6, 47.7]
[09:59:50] STEP5 arrived DEPTH joints_deg=[2.1, 47.0, 6.6, -94.0, -3.3, 53.0]
[09:59:50] STEP6 scrape marker 1 pos=[-0.193  -0.4261  0.0877] euler_deg=[-84.65  87.01 175.34] estimated=False
[09:59:54] ROTATE current_joints_deg=[-29.9, 52.3, -7.7, -70.2, 18.6, 47.3]
[09:59:54] ROTATE j6 47.3 deg --(-60)--> target -12.7 deg; exceeds_155=False exceeds_180=False
[10:00:02] ROTATE move_to(rotated) ok=True
[10:00:11] ROTATE move_to(restore) ok=True joints_after=[-29.9, 52.3, -7.7, -70.2, 18.6, 47.4]
[10:46:16] STEP4 scrape marker 1 pos=[-0.1904 -0.4257  0.0841] euler_deg=[-78.29  86.53 169.49] estimated=False
[10:46:22] STEP4 arrived standoff joints_deg=[-30.3, 52.2, -7.5, -70.1, 18.0, 48.6]
[10:46:25] STEP5 arrived DEPTH joints_deg=[1.8, 47.3, 6.8, -93.9, -3.6, 52.9]
[10:46:25] STEP6 scrape marker 1 pos=[-0.1904 -0.4257  0.0841] euler_deg=[-78.29  86.53 169.49] estimated=False
[10:46:29] ROTATE current_joints_deg=[-30.2, 52.3, -7.3, -69.8, 18.1, 47.5]
[10:46:29] ROTATE j6 47.5 deg --(-60)--> target -12.5 deg; exceeds_155=False exceeds_180=False
[10:46:37] ROTATE move_to(rotated) ok=True
[10:46:53] ROTATE move_to(restore) ok=False joints_after=[-30.2, 52.3, -7.3, -69.8, 18.1, -12.6]
[11:18:55] STEP4 scrape marker 1 pos=[-0.1893 -0.4294  0.0843] euler_deg=[-76.33  85.84 167.36] estimated=False
[11:18:59] STEP4 arrived standoff joints_deg=[-30.5, 51.9, -7.4, -70.4, 17.6, 46.8]
[11:19:02] STEP5 arrived DEPTH joints_deg=[1.7, 47.3, 6.7, -94.2, -4.2, 53.1]
[11:19:02] STEP6 scrape marker 1 pos=[-0.1893 -0.4294  0.0843] euler_deg=[-76.33  85.84 167.36] estimated=False
[11:19:06] ROTATE current_joints_deg=[-30.3, 51.8, -7.1, -70.2, 17.7, 47.1]
[11:19:06] ROTATE j6 47.1 deg --(-60)--> target -12.9 deg; exceeds_155=False exceeds_180=False
[11:19:09] ROTATE move_to(rotated) ok=True
[11:19:13] ROTATE move_to(restore) ok=True joints_after=[-30.3, 51.9, -7.1, -70.2, 17.6, 46.6]
[11:49:01] STEP4 scrape marker 1 pos=[-0.1893 -0.4294  0.0843] euler_deg=[-76.33  85.84 167.36] estimated=False
[11:49:06] STEP4 arrived standoff joints_deg=[-30.5, 51.9, -7.1, -70.3, 17.6, 47.3]
[11:49:09] STEP5 arrived DEPTH joints_deg=[1.7, 47.2, 6.3, -94.0, -4.2, 52.6]
[11:49:09] STEP6 scrape marker 1 pos=[-0.1893 -0.4294  0.0843] euler_deg=[-76.33  85.84 167.36] estimated=False
[11:49:12] ROTATE current_joints_deg=[-30.4, 52.0, -7.2, -70.0, 17.8, 47.2]
[11:49:12] ROTATE j6 47.2 deg --(-60)--> target -12.8 deg; exceeds_155=False exceeds_180=False
[11:49:15] ROTATE move_to(rotated) ok=True
[11:49:19] ROTATE move_to(restore) ok=True joints_after=[-30.4, 51.9, -7.2, -69.9, 17.7, 46.8]
[12:37:25] STEP4 scrape marker 1 pos=[-0.1893 -0.4294  0.0843] euler_deg=[-76.33  85.84 167.36] estimated=False
[12:37:29] STEP4 arrived standoff joints_deg=[-30.5, 51.9, -7.3, -70.4, 17.7, 47.0]
[12:37:33] STEP5 arrived DEPTH joints_deg=[1.7, 47.2, 6.4, -94.1, -4.3, 52.7]
[12:37:33] STEP6 scrape marker 1 pos=[-0.1893 -0.4294  0.0843] euler_deg=[-76.33  85.84 167.36] estimated=False
[12:37:36] ROTATE current_joints_deg=[-30.4, 51.8, -6.9, -70.0, 17.7, 47.3]
[12:37:36] ROTATE j6 47.3 deg --(-60)--> target -12.7 deg; exceeds_155=False exceeds_180=False
[12:37:39] ROTATE move_to(rotated) ok=True
[12:37:43] ROTATE move_to(restore) ok=True joints_after=[-30.3, 51.8, -6.9, -70.1, 17.8, 47.0]
[13:25:34] STEP4 scrape marker 1 pos=[-0.1893 -0.4294  0.0843] euler_deg=[-76.33  85.84 167.36] estimated=False
[13:34:49] STEP4 scrape marker 1 pos=[-0.1946 -0.4256  0.086 ] euler_deg=[ -91.33   87.19 -177.64] estimated=False
[13:34:53] STEP4 arrived standoff joints_deg=[-29.9, 53.0, -8.2, -70.4, 18.7, 51.9]
[14:12:38] STEP4 scrape marker 1 pos=[-0.1946 -0.4256  0.086 ] euler_deg=[ -91.33   87.19 -177.64] estimated=False
[14:13:07] STEP4 arrived standoff joints_deg=[-30.0, 53.0, -8.0, -70.1, 18.9, 48.8]
[14:56:00] STEP4 scrape marker 1 pos=[-0.1979 -0.4352  0.0894] euler_deg=[-88.08  87.88 178.48] estimated=False
[14:56:04] STEP4 arrived standoff joints_deg=[-28.8, 53.8, -11.7, -71.7, 19.1, 44.8]
[14:56:08] STEP5 arrived DEPTH joints_deg=[2.4, 48.2, 3.0, -93.5, -3.0, 50.9]
[14:56:08] STEP6 scrape marker 1 pos=[-0.1979 -0.4352  0.0894] euler_deg=[-88.08  87.88 178.48] estimated=False
[14:56:11] ROTATE current_joints_deg=[-28.7, 53.9, -11.7, -71.3, 19.3, 45.2]
[14:56:11] ROTATE j6 45.2 deg --(-60)--> target -14.8 deg; exceeds_155=False exceeds_180=False
[14:56:14] ROTATE move_to(rotated) ok=True
[14:56:18] ROTATE move_to(restore) ok=True joints_after=[-28.8, 53.9, -11.7, -71.2, 19.2, 44.8]
[15:46:29] STEP4 scrape marker 1 pos=[-0.1979 -0.4352  0.0894] euler_deg=[-88.08  87.88 178.48] estimated=False
[15:46:34] STEP4 arrived standoff joints_deg=[-28.7, 54.0, -11.8, -71.7, 19.1, 45.0]
[15:46:37] STEP5 arrived DEPTH joints_deg=[-0.5, 48.1, 3.4, -93.7, -3.0, 51.2]
[15:46:37] STEP6 scrape marker 1 pos=[-0.1979 -0.4352  0.0894] euler_deg=[-88.08  87.88 178.48] estimated=False
[15:46:40] ROTATE current_joints_deg=[-28.7, 54.0, -12.0, -71.5, 19.3, 44.9]
[15:46:40] ROTATE j6 44.9 deg --(-60)--> target -15.1 deg; exceeds_155=False exceeds_180=False
[15:46:44] ROTATE move_to(rotated) ok=True
[15:46:47] ROTATE move_to(restore) ok=True joints_after=[-28.8, 54.0, -11.9, -71.5, 19.4, 44.6]
[16:01:48] STEP4 scrape marker 1 pos=[-0.1979 -0.4352  0.0894] euler_deg=[-88.08  87.88 178.48] estimated=False
[16:01:52] STEP4 arrived standoff joints_deg=[-28.7, 53.9, -11.6, -71.8, 19.1, 45.2]
[16:28:10] STEP4 scrape marker 1 pos=[-0.1979 -0.4352  0.0894] euler_deg=[-88.08  87.88 178.48] estimated=False
[16:28:14] STEP4 arrived standoff joints_deg=[-28.8, 53.9, -11.7, -71.7, 19.2, 45.0]
[14:02:25] STEP4 scrape marker 1 pos=[-0.1996 -0.3861  0.0876] euler_deg=[-56.61  89.5  147.65] estimated=False
[14:02:29] STEP4 arrived standoff joints_deg=[-30.7, 49.6, -1.0, -66.6, 19.1, 51.8]
[14:02:33] STEP5 arrived DEPTH joints_deg=[0.7, 43.6, 15.7, -92.8, -2.0, 58.4]
[14:02:33] STEP6 scrape marker 1 pos=[-0.1996 -0.3861  0.0876] euler_deg=[-56.61  89.5  147.65] estimated=False
[14:02:36] ROTATE current_joints_deg=[-30.6, 49.7, -1.0, -66.3, 19.2, 51.8]
[14:02:36] ROTATE j6 51.8 deg --(-60)--> target -8.2 deg; exceeds_155=False exceeds_180=False
[14:02:39] ROTATE move_to(rotated) ok=True
[14:02:43] ROTATE move_to(restore) ok=True joints_after=[-30.5, 49.7, -1.1, -66.4, 19.2, 51.3]
[14:03:05] STEP4 scrape marker 1 pos=[-0.1996 -0.3861  0.0876] euler_deg=[-56.61  89.5  147.65] estimated=False
[14:03:10] STEP4 arrived standoff joints_deg=[-30.7, 49.7, -1.0, -66.6, 19.0, 51.8]
[14:03:13] STEP5 arrived DEPTH joints_deg=[3.2, 43.6, 15.7, -92.9, -2.0, 58.3]
[14:03:13] STEP6 scrape marker 1 pos=[-0.1996 -0.3861  0.0876] euler_deg=[-56.61  89.5  147.65] estimated=False
[14:03:16] ROTATE current_joints_deg=[-30.6, 49.6, -0.8, -66.2, 19.2, 52.0]
[14:03:16] ROTATE j6 52.0 deg --(-60)--> target -8.0 deg; exceeds_155=False exceeds_180=False
[14:03:19] ROTATE move_to(rotated) ok=True
[14:03:23] ROTATE move_to(restore) ok=True joints_after=[-30.6, 49.6, -0.7, -66.2, 19.2, 51.6]
[14:03:45] STEP4 scrape marker 1 pos=[-0.1996 -0.3861  0.0876] euler_deg=[-56.61  89.5  147.65] estimated=False
[14:03:50] STEP4 arrived standoff joints_deg=[-30.7, 49.8, -1.2, -66.6, 19.2, 51.6]
[14:03:53] STEP5 arrived DEPTH joints_deg=[3.1, 43.7, 15.9, -92.9, -2.0, 58.6]
[14:03:53] STEP6 scrape marker 1 pos=[-0.1996 -0.3861  0.0876] euler_deg=[-56.61  89.5  147.65] estimated=False
[14:03:56] ROTATE current_joints_deg=[-30.6, 49.7, -1.2, -66.3, 19.3, 51.7]
[14:03:56] ROTATE j6 51.7 deg --(-60)--> target -8.3 deg; exceeds_155=False exceeds_180=False
[14:04:00] ROTATE move_to(rotated) ok=True
[14:04:03] ROTATE move_to(restore) ok=True joints_after=[-30.6, 49.7, -1.2, -66.2, 19.3, 51.3]
[14:04:26] STEP4 scrape marker 1 pos=[-0.1996 -0.3861  0.0876] euler_deg=[-56.61  89.5  147.65] estimated=False
[14:04:30] STEP4 arrived standoff joints_deg=[-30.8, 49.8, -0.9, -66.3, 19.0, 52.2]
[14:04:33] STEP5 arrived DEPTH joints_deg=[3.3, 43.6, 16.0, -93.0, -2.1, 58.6]
[14:04:33] STEP6 scrape marker 1 pos=[-0.1996 -0.3861  0.0876] euler_deg=[-56.61  89.5  147.65] estimated=False
[14:04:37] ROTATE current_joints_deg=[-30.6, 49.8, -1.1, -66.2, 19.2, 51.8]
[14:04:37] ROTATE j6 51.8 deg --(-60)--> target -8.2 deg; exceeds_155=False exceeds_180=False
[14:04:40] ROTATE move_to(rotated) ok=True
[14:04:44] ROTATE move_to(restore) ok=True joints_after=[-30.7, 49.7, -1.2, -66.1, 19.2, 51.5]
[14:05:06] STEP4 scrape marker 1 pos=[-0.1996 -0.3861  0.0876] euler_deg=[-56.61  89.5  147.65] estimated=False
[14:05:11] STEP4 arrived standoff joints_deg=[-30.7, 49.6, -0.9, -66.5, 19.2, 51.8]
[14:05:14] STEP5 arrived DEPTH joints_deg=[3.1, 43.8, 15.9, -92.9, -2.0, 58.6]
[14:05:14] STEP6 scrape marker 1 pos=[-0.1996 -0.3861  0.0876] euler_deg=[-56.61  89.5  147.65] estimated=False
[14:05:17] ROTATE current_joints_deg=[-30.6, 49.9, -1.2, -66.2, 19.3, 51.8]
[14:05:17] ROTATE j6 51.8 deg --(-60)--> target -8.2 deg; exceeds_155=False exceeds_180=False
[14:05:20] ROTATE move_to(rotated) ok=True
[14:05:24] ROTATE move_to(restore) ok=True joints_after=[-30.6, 49.9, -1.3, -66.2, 19.2, 51.6]
[14:05:46] STEP4 scrape marker 1 pos=[-0.1996 -0.3861  0.0876] euler_deg=[-56.61  89.5  147.65] estimated=False
[14:05:51] STEP4 arrived standoff joints_deg=[-30.7, 49.7, -1.1, -66.5, 19.1, 51.8]
[14:05:54] STEP5 arrived DEPTH joints_deg=[3.2, 43.8, 15.6, -93.1, -2.1, 58.5]
[14:05:54] STEP6 scrape marker 1 pos=[-0.1996 -0.3861  0.0876] euler_deg=[-56.61  89.5  147.65] estimated=False
[14:05:57] ROTATE current_joints_deg=[-30.6, 49.8, -1.0, -66.2, 19.1, 51.9]
[14:05:57] ROTATE j6 51.9 deg --(-60)--> target -8.1 deg; exceeds_155=False exceeds_180=False
[14:06:01] ROTATE move_to(rotated) ok=True
[14:06:04] ROTATE move_to(restore) ok=True joints_after=[-30.5, 49.9, -1.0, -66.3, 19.1, 51.6]
[14:06:27] STEP4 scrape marker 1 pos=[-0.1996 -0.3861  0.0876] euler_deg=[-56.61  89.5  147.65] estimated=False
[14:06:31] STEP4 arrived standoff joints_deg=[-30.7, 49.8, -1.3, -66.6, 19.2, 51.7]
[14:06:34] STEP5 arrived DEPTH joints_deg=[3.2, 43.5, 15.8, -93.0, -2.0, 58.4]
[14:06:34] STEP6 scrape marker 1 pos=[-0.1996 -0.3861  0.0876] euler_deg=[-56.61  89.5  147.65] estimated=False
[14:06:37] ROTATE current_joints_deg=[-30.6, 49.8, -1.3, -66.3, 19.3, 51.7]
[14:06:37] ROTATE j6 51.7 deg --(-60)--> target -8.3 deg; exceeds_155=False exceeds_180=False
[14:06:41] ROTATE move_to(rotated) ok=True
[14:06:45] ROTATE move_to(restore) ok=True joints_after=[-30.7, 49.8, -1.3, -66.3, 19.4, 51.3]
[14:07:07] STEP4 scrape marker 1 pos=[-0.1996 -0.3861  0.0876] euler_deg=[-56.61  89.5  147.65] estimated=False
[14:07:11] STEP4 arrived standoff joints_deg=[-30.8, 49.8, -1.1, -66.5, 19.2, 51.9]
[14:07:15] STEP5 arrived DEPTH joints_deg=[3.3, 43.7, 15.6, -93.0, -2.0, 58.3]
[14:07:15] STEP6 scrape marker 1 pos=[-0.1996 -0.3861  0.0876] euler_deg=[-56.61  89.5  147.65] estimated=False
[14:07:18] ROTATE current_joints_deg=[-30.7, 49.7, -0.8, -66.1, 19.2, 52.0]
[14:07:18] ROTATE j6 52.0 deg --(-60)--> target -8.0 deg; exceeds_155=False exceeds_180=False
[14:07:21] ROTATE move_to(rotated) ok=True
[14:07:25] ROTATE move_to(restore) ok=True joints_after=[-30.7, 49.7, -0.8, -66.1, 19.1, 51.8]
[14:07:47] STEP4 scrape marker 1 pos=[-0.1996 -0.3861  0.0876] euler_deg=[-56.61  89.5  147.65] estimated=False
[14:07:52] STEP4 arrived standoff joints_deg=[-30.9, 49.7, -0.9, -66.4, 19.1, 52.0]
[14:07:55] STEP5 arrived DEPTH joints_deg=[3.1, 43.6, 15.7, -92.9, -2.0, 58.3]
[14:07:55] STEP6 scrape marker 1 pos=[-0.1996 -0.3861  0.0876] euler_deg=[-56.61  89.5  147.65] estimated=False
[14:07:58] ROTATE current_joints_deg=[-30.6, 49.7, -0.9, -66.3, 19.1, 51.9]
[14:07:58] ROTATE j6 51.9 deg --(-60)--> target -8.1 deg; exceeds_155=False exceeds_180=False
[14:08:01] ROTATE move_to(rotated) ok=True
[14:08:05] ROTATE move_to(restore) ok=True joints_after=[-30.6, 49.6, -0.9, -66.2, 19.1, 51.6]
[14:08:27] STEP4 scrape marker 1 pos=[-0.1996 -0.3861  0.0876] euler_deg=[-56.61  89.5  147.65] estimated=False
[14:08:32] STEP4 arrived standoff joints_deg=[-30.7, 49.8, -1.2, -66.6, 19.1, 51.7]
[14:08:35] STEP5 arrived DEPTH joints_deg=[3.1, 43.8, 15.8, -92.9, -2.0, 58.6]
[14:08:35] STEP6 scrape marker 1 pos=[-0.1996 -0.3861  0.0876] euler_deg=[-56.61  89.5  147.65] estimated=False
[14:08:38] ROTATE current_joints_deg=[-30.6, 49.6, -1.0, -66.3, 19.2, 51.8]
[14:08:38] ROTATE j6 51.8 deg --(-60)--> target -8.2 deg; exceeds_155=False exceeds_180=False
[14:08:42] ROTATE move_to(rotated) ok=True
[14:08:45] ROTATE move_to(restore) ok=True joints_after=[-30.5, 49.6, -1.0, -66.3, 19.1, 51.4]
[14:09:08] STEP4 scrape marker 1 pos=[-0.1996 -0.3861  0.0876] euler_deg=[-56.61  89.5  147.65] estimated=False
[14:09:12] STEP4 arrived standoff joints_deg=[-30.8, 49.7, -1.0, -66.5, 19.2, 51.8]
[14:09:15] STEP5 arrived DEPTH joints_deg=[3.1, 43.8, 15.8, -92.9, -2.0, 58.6]
[14:09:15] STEP6 scrape marker 1 pos=[-0.1996 -0.3861  0.0876] euler_deg=[-56.61  89.5  147.65] estimated=False
[14:09:19] ROTATE current_joints_deg=[-30.7, 49.8, -1.0, -66.2, 19.2, 51.8]
[14:09:19] ROTATE j6 51.8 deg --(-60)--> target -8.2 deg; exceeds_155=False exceeds_180=False
[14:09:22] ROTATE move_to(rotated) ok=True
[14:09:26] ROTATE move_to(restore) ok=True joints_after=[-30.6, 49.7, -0.9, -66.2, 19.2, 51.5]
[14:09:48] STEP4 scrape marker 1 pos=[-0.1996 -0.3861  0.0876] euler_deg=[-56.61  89.5  147.65] estimated=False
[14:09:52] STEP4 arrived standoff joints_deg=[-30.8, 49.8, -1.2, -66.4, 19.2, 51.7]
[14:09:55] STEP5 arrived DEPTH joints_deg=[3.1, 43.6, 15.7, -92.9, -2.0, 58.3]
[14:09:55] STEP6 scrape marker 1 pos=[-0.1996 -0.3861  0.0876] euler_deg=[-56.61  89.5  147.65] estimated=False
[14:09:59] ROTATE current_joints_deg=[-30.5, 49.8, -1.2, -66.3, 19.3, 51.7]
[14:09:59] ROTATE j6 51.7 deg --(-60)--> target -8.3 deg; exceeds_155=False exceeds_180=False
[14:10:02] ROTATE move_to(rotated) ok=True
[14:10:06] ROTATE move_to(restore) ok=True joints_after=[-30.5, 49.7, -1.2, -66.4, 19.3, 51.3]
[14:10:28] STEP4 scrape marker 1 pos=[-0.1996 -0.3861  0.0876] euler_deg=[-56.61  89.5  147.65] estimated=False
[14:10:32] STEP4 arrived standoff joints_deg=[-30.7, 49.8, -1.2, -66.5, 19.2, 51.8]
[14:10:36] STEP5 arrived DEPTH joints_deg=[3.0, 43.7, 15.7, -92.8, -2.0, 58.3]
[14:10:36] STEP6 scrape marker 1 pos=[-0.1996 -0.3861  0.0876] euler_deg=[-56.61  89.5  147.65] estimated=False
[14:10:39] ROTATE current_joints_deg=[-30.7, 49.7, -0.9, -66.2, 19.2, 51.9]
[14:10:39] ROTATE j6 51.9 deg --(-60)--> target -8.1 deg; exceeds_155=False exceeds_180=False
[14:10:42] ROTATE move_to(rotated) ok=True
[14:10:46] ROTATE move_to(restore) ok=True joints_after=[-30.8, 49.7, -0.9, -66.2, 19.1, 51.6]
[14:11:08] STEP4 scrape marker 1 pos=[-0.1996 -0.3861  0.0876] euler_deg=[-56.61  89.5  147.65] estimated=False
[14:11:13] STEP4 arrived standoff joints_deg=[-30.7, 49.9, -1.2, -66.5, 19.2, 51.8]
[14:11:16] STEP5 arrived DEPTH joints_deg=[3.1, 43.6, 15.7, -92.9, -2.0, 58.3]
[14:11:16] STEP6 scrape marker 1 pos=[-0.1996 -0.3861  0.0876] euler_deg=[-56.61  89.5  147.65] estimated=False
[14:11:19] ROTATE current_joints_deg=[-30.7, 49.8, -1.0, -66.2, 19.2, 52.0]
[14:11:19] ROTATE j6 52.0 deg --(-60)--> target -8.0 deg; exceeds_155=False exceeds_180=False
[14:11:22] ROTATE move_to(rotated) ok=True
[14:11:26] ROTATE move_to(restore) ok=True joints_after=[-30.7, 49.8, -1.0, -66.2, 19.2, 51.7]
[14:11:48] STEP4 scrape marker 1 pos=[-0.1996 -0.3861  0.0876] euler_deg=[-56.61  89.5  147.65] estimated=False
[14:11:53] STEP4 arrived standoff joints_deg=[-30.7, 49.6, -0.8, -66.4, 19.0, 52.0]
[14:11:56] STEP5 arrived DEPTH joints_deg=[3.2, 43.7, 15.6, -92.9, -2.1, 58.3]
[14:11:56] STEP6 scrape marker 1 pos=[-0.1996 -0.3861  0.0876] euler_deg=[-56.61  89.5  147.65] estimated=False
[14:11:59] ROTATE current_joints_deg=[-30.6, 49.8, -1.1, -66.2, 19.2, 51.8]
[14:11:59] ROTATE j6 51.8 deg --(-60)--> target -8.2 deg; exceeds_155=False exceeds_180=False
[14:12:03] ROTATE move_to(rotated) ok=True
[14:12:07] ROTATE move_to(restore) ok=True joints_after=[-30.6, 49.8, -1.1, -66.2, 19.1, 51.6]
[14:12:29] STEP4 scrape marker 1 pos=[-0.1996 -0.3861  0.0876] euler_deg=[-56.61  89.5  147.65] estimated=False
[14:12:33] STEP4 arrived standoff joints_deg=[-30.7, 49.6, -0.9, -66.6, 19.1, 51.9]
[14:12:36] STEP5 arrived DEPTH joints_deg=[3.2, 43.8, 15.5, -92.9, -2.0, 58.3]
[14:12:36] STEP6 scrape marker 1 pos=[-0.1996 -0.3861  0.0876] euler_deg=[-56.61  89.5  147.65] estimated=False
[14:12:40] ROTATE current_joints_deg=[-30.6, 49.6, -0.9, -66.2, 19.2, 51.9]
[14:12:40] ROTATE j6 51.9 deg --(-60)--> target -8.1 deg; exceeds_155=False exceeds_180=False
[14:12:43] ROTATE move_to(rotated) ok=True
[14:12:47] ROTATE move_to(restore) ok=True joints_after=[-30.6, 49.6, -0.9, -66.2, 19.2, 51.6]
[14:13:09] STEP4 scrape marker 1 pos=[-0.1996 -0.3861  0.0876] euler_deg=[-56.61  89.5  147.65] estimated=False
[14:13:13] STEP4 arrived standoff joints_deg=[-30.7, 49.8, -1.1, -66.5, 19.1, 51.9]
[14:13:17] STEP5 arrived DEPTH joints_deg=[3.2, 43.6, 15.6, -93.0, -2.0, 58.3]
[14:13:17] STEP6 scrape marker 1 pos=[-0.1996 -0.3861  0.0876] euler_deg=[-56.61  89.5  147.65] estimated=False
[14:13:20] ROTATE current_joints_deg=[-30.7, 49.9, -1.2, -66.2, 19.3, 51.9]
[14:13:20] ROTATE j6 51.9 deg --(-60)--> target -8.1 deg; exceeds_155=False exceeds_180=False
[14:13:23] ROTATE move_to(rotated) ok=True
[14:13:27] ROTATE move_to(restore) ok=True joints_after=[-30.6, 49.9, -1.2, -66.1, 19.3, 51.6]
[14:13:49] STEP4 scrape marker 1 pos=[-0.1996 -0.3861  0.0876] euler_deg=[-56.61  89.5  147.65] estimated=False
[14:13:53] STEP4 arrived standoff joints_deg=[-30.8, 49.6, -1.0, -66.5, 19.3, 51.8]
[14:13:57] STEP5 arrived DEPTH joints_deg=[3.1, 43.6, 15.6, -92.9, -2.0, 58.3]
[14:13:57] STEP6 scrape marker 1 pos=[-0.1996 -0.3861  0.0876] euler_deg=[-56.61  89.5  147.65] estimated=False
[14:14:00] ROTATE current_joints_deg=[-30.7, 49.7, -1.2, -66.3, 19.4, 51.7]
[14:14:00] ROTATE j6 51.7 deg --(-60)--> target -8.3 deg; exceeds_155=False exceeds_180=False
[14:14:03] ROTATE move_to(rotated) ok=True
[14:14:07] ROTATE move_to(restore) ok=True joints_after=[-30.7, 49.7, -1.3, -66.2, 19.5, 51.3]
[14:14:29] STEP4 scrape marker 1 pos=[-0.1996 -0.3861  0.0876] euler_deg=[-56.61  89.5  147.65] estimated=False
[14:14:34] STEP4 arrived standoff joints_deg=[-30.9, 49.7, -1.0, -66.4, 19.2, 51.8]
[14:14:37] STEP5 arrived DEPTH joints_deg=[3.1, 43.8, 16.0, -92.9, -2.0, 58.8]
[14:14:37] STEP6 scrape marker 1 pos=[-0.1996 -0.3861  0.0876] euler_deg=[-56.61  89.5  147.65] estimated=False
[14:14:40] ROTATE current_joints_deg=[-30.7, 49.9, -1.3, -66.3, 19.3, 51.7]
[14:14:40] ROTATE j6 51.7 deg --(-60)--> target -8.3 deg; exceeds_155=False exceeds_180=False
[14:14:43] ROTATE move_to(rotated) ok=True
[14:14:47] ROTATE move_to(restore) ok=True joints_after=[-30.6, 49.9, -1.2, -66.2, 19.3, 51.3]
[14:15:09] STEP4 scrape marker 1 pos=[-0.1996 -0.3861  0.0876] euler_deg=[-56.61  89.5  147.65] estimated=False
[14:15:14] STEP4 arrived standoff joints_deg=[-30.7, 49.9, -1.2, -66.5, 19.1, 51.8]
[14:15:17] STEP5 arrived DEPTH joints_deg=[3.1, 43.5, 15.7, -92.9, -2.0, 58.3]
[14:15:17] STEP6 scrape marker 1 pos=[-0.1996 -0.3861  0.0876] euler_deg=[-56.61  89.5  147.65] estimated=False
[14:15:20] ROTATE current_joints_deg=[-30.7, 49.6, -0.8, -66.1, 19.1, 52.0]
[14:15:20] ROTATE j6 52.0 deg --(-60)--> target -8.0 deg; exceeds_155=False exceeds_180=False
[14:15:23] ROTATE move_to(rotated) ok=True
[14:15:27] ROTATE move_to(restore) ok=True joints_after=[-30.7, 49.7, -0.8, -66.1, 19.1, 51.7]
[14:15:49] STEP4 scrape marker 1 pos=[-0.1996 -0.3861  0.0876] euler_deg=[-56.61  89.5  147.65] estimated=False
[14:15:54] STEP4 arrived standoff joints_deg=[-30.7, 49.8, -0.8, -66.4, 19.0, 52.1]
[14:15:57] STEP5 arrived DEPTH joints_deg=[3.1, 43.9, 15.5, -92.9, -2.0, 58.5]
[14:15:57] STEP6 scrape marker 1 pos=[-0.1996 -0.3861  0.0876] euler_deg=[-56.61  89.5  147.65] estimated=False
[14:16:00] ROTATE current_joints_deg=[-30.6, 49.7, -0.7, -66.2, 19.2, 52.0]
[14:16:00] ROTATE j6 52.0 deg --(-60)--> target -8.0 deg; exceeds_155=False exceeds_180=False
[14:16:04] ROTATE move_to(rotated) ok=True
[14:16:08] ROTATE move_to(restore) ok=True joints_after=[-30.6, 49.6, -0.7, -66.2, 19.2, 51.8]
[14:16:30] STEP4 scrape marker 1 pos=[-0.1996 -0.3861  0.0876] euler_deg=[-56.61  89.5  147.65] estimated=False
[14:16:34] STEP4 arrived standoff joints_deg=[-30.8, 49.7, -0.9, -66.4, 19.1, 51.9]
[14:16:37] STEP5 arrived DEPTH joints_deg=[3.0, 43.8, 15.9, -92.8, -2.0, 58.6]
[14:16:37] STEP6 scrape marker 1 pos=[-0.1996 -0.3861  0.0876] euler_deg=[-56.61  89.5  147.65] estimated=False
[14:16:41] ROTATE current_joints_deg=[-30.6, 49.6, -1.0, -66.2, 19.2, 51.8]
[14:16:41] ROTATE j6 51.8 deg --(-60)--> target -8.2 deg; exceeds_155=False exceeds_180=False
[14:16:44] ROTATE move_to(rotated) ok=True
[14:16:48] ROTATE move_to(restore) ok=True joints_after=[-30.6, 49.5, -0.9, -66.3, 19.1, 51.5]
[14:17:10] STEP4 scrape marker 1 pos=[-0.1996 -0.3861  0.0876] euler_deg=[-56.61  89.5  147.65] estimated=False
[14:17:14] STEP4 arrived standoff joints_deg=[-30.7, 49.8, -1.3, -66.5, 19.2, 51.6]
[14:17:17] STEP5 arrived DEPTH joints_deg=[3.1, 43.8, 15.6, -92.9, -2.1, 58.4]
[14:17:17] STEP6 scrape marker 1 pos=[-0.1996 -0.3861  0.0876] euler_deg=[-56.61  89.5  147.65] estimated=False
[14:17:21] ROTATE current_joints_deg=[-30.6, 49.8, -1.3, -66.2, 19.3, 51.8]
[14:17:21] ROTATE j6 51.8 deg --(-60)--> target -8.2 deg; exceeds_155=False exceeds_180=False
[14:17:24] ROTATE move_to(rotated) ok=True
[14:17:28] ROTATE move_to(restore) ok=True joints_after=[-30.6, 49.8, -1.3, -66.2, 19.3, 51.5]
[14:17:50] STEP4 scrape marker 1 pos=[-0.1996 -0.3861  0.0876] euler_deg=[-56.61  89.5  147.65] estimated=False
[14:17:54] STEP4 arrived standoff joints_deg=[-30.9, 49.8, -1.1, -66.4, 19.2, 51.8]
[14:17:58] STEP5 arrived DEPTH joints_deg=[3.2, 43.8, 15.7, -93.1, -2.1, 58.5]
[14:17:58] STEP6 scrape marker 1 pos=[-0.1996 -0.3861  0.0876] euler_deg=[-56.61  89.5  147.65] estimated=False
[14:18:01] ROTATE current_joints_deg=[-30.6, 49.6, -0.8, -66.3, 19.2, 51.9]
[14:18:01] ROTATE j6 51.9 deg --(-60)--> target -8.1 deg; exceeds_155=False exceeds_180=False
[14:18:04] ROTATE move_to(rotated) ok=True
[14:18:08] ROTATE move_to(restore) ok=True joints_after=[-30.6, 49.6, -0.8, -66.3, 19.2, 51.5]
[14:18:30] STEP4 scrape marker 1 pos=[-0.1996 -0.3861  0.0876] euler_deg=[-56.61  89.5  147.65] estimated=False
[14:18:35] STEP4 arrived standoff joints_deg=[-30.7, 49.9, -1.2, -66.5, 19.0, 51.8]
[14:18:38] STEP5 arrived DEPTH joints_deg=[3.3, 43.7, 15.7, -93.0, -2.1, 58.4]
[14:18:38] STEP6 scrape marker 1 pos=[-0.1996 -0.3861  0.0876] euler_deg=[-56.61  89.5  147.65] estimated=False
[14:18:41] ROTATE current_joints_deg=[-30.6, 49.6, -0.8, -66.3, 19.1, 52.0]
[14:18:41] ROTATE j6 52.0 deg --(-60)--> target -8.0 deg; exceeds_155=False exceeds_180=False
[14:18:44] ROTATE move_to(rotated) ok=True
[14:18:48] ROTATE move_to(restore) ok=True joints_after=[-30.6, 49.6, -0.8, -66.3, 19.2, 51.7]
[14:30:01] STEP4 scrape marker 1 pos=[-0.2023 -0.3855  0.0925] euler_deg=[-124.69   88.7  -144.66] estimated=False
[14:30:05] STEP4 arrived standoff joints_deg=[-31.0, 49.5, 0.7, -67.0, 19.1, 53.3]
[14:30:09] STEP5 arrived DEPTH joints_deg=[3.3, 43.2, 16.7, -94.2, -1.5, 59.3]
[14:30:09] STEP6 scrape marker 1 pos=[-0.2023 -0.3855  0.0925] euler_deg=[-124.69   88.7  -144.66] estimated=False
[14:30:12] ROTATE current_joints_deg=[-30.9, 49.3, 1.1, -66.6, 19.1, 53.6]
[14:30:12] ROTATE j6 53.6 deg --(-60)--> target -6.4 deg; exceeds_155=False exceeds_180=False
[14:30:15] ROTATE move_to(rotated) ok=True
[14:30:19] ROTATE move_to(restore) ok=True joints_after=[-30.9, 49.3, 1.1, -66.6, 19.1, 53.2]
[11:50:55] STEP4 scrape marker 1 pos=[-0.1983 -0.3885  0.0898] euler_deg=[-127.8    88.25 -140.98] estimated=False
[11:50:59] STEP4 arrived standoff joints_deg=[-31.4, 50.7, -0.1, -66.9, 19.3, 53.1]
[11:51:02] STEP5 arrived DEPTH joints_deg=[2.6, 44.1, 16.1, -94.1, -1.1, 59.0]
[11:51:02] STEP6 scrape marker 1 pos=[-0.1983 -0.3885  0.0898] euler_deg=[-127.8    88.25 -140.98] estimated=False
[11:51:06] ROTATE current_joints_deg=[-31.4, 50.8, -0.4, -66.6, 19.5, 52.9]
[11:51:06] ROTATE j6 52.9 deg --(-60)--> target -7.1 deg; exceeds_155=False exceeds_180=False
[11:51:09] ROTATE move_to(rotated) ok=True
[11:51:13] ROTATE move_to(restore) ok=True joints_after=[-31.4, 50.8, -0.5, -66.6, 19.5, 52.5]
[11:55:04] STEP4 scrape marker 1 pos=[-0.1983 -0.3885  0.0898] euler_deg=[-127.8    88.25 -140.98] estimated=False
[11:55:08] STEP4 arrived standoff joints_deg=[-31.4, 50.7, -0.3, -67.0, 19.4, 52.9]
[11:55:12] STEP5 arrived DEPTH joints_deg=[2.5, 44.1, 15.9, -93.9, -0.9, 58.8]
[11:55:12] STEP6 scrape marker 1 pos=[-0.1983 -0.3885  0.0898] euler_deg=[-127.8    88.25 -140.98] estimated=False
[11:55:15] ROTATE current_joints_deg=[-31.3, 50.6, -0.0, -66.7, 19.4, 53.2]
[11:55:15] ROTATE j6 53.2 deg --(-60)--> target -6.8 deg; exceeds_155=False exceeds_180=False
[11:55:18] ROTATE move_to(rotated) ok=True
[11:55:22] ROTATE move_to(restore) ok=True joints_after=[-31.3, 50.7, -0.0, -66.6, 19.3, 53.0]
[13:26:52] STEP4 scrape marker 1 pos=[-0.1983 -0.3885  0.0898] euler_deg=[-127.8    88.25 -140.98] estimated=False
[13:26:57] STEP4 arrived standoff joints_deg=[-31.5, 50.5, -0.2, -67.0, 19.5, 52.8]
[13:27:00] STEP5 arrived DEPTH joints_deg=[2.5, 44.1, 16.0, -93.9, -1.1, 59.0]
[13:27:00] STEP6 scrape marker 1 pos=[-0.1983 -0.3885  0.0898] euler_deg=[-127.8    88.25 -140.98] estimated=False
[13:27:04] ROTATE current_joints_deg=[-31.4, 50.6, -0.4, -66.7, 19.5, 52.7]
[13:27:04] ROTATE j6 52.7 deg --(-60)--> target -7.3 deg; exceeds_155=False exceeds_180=False
[13:27:07] ROTATE move_to(rotated) ok=True
[13:27:11] ROTATE move_to(restore) ok=True joints_after=[-31.3, 50.6, -0.4, -66.7, 19.5, 52.5]
[14:01:23] STEP4 scrape marker 1 pos=[-0.1983 -0.3885  0.0898] euler_deg=[-127.8    88.25 -140.98] estimated=False
[14:01:27] STEP4 arrived standoff joints_deg=[-31.5, 50.6, -0.5, -67.0, 19.5, 52.7]
[14:01:31] STEP5 arrived DEPTH joints_deg=[2.5, 43.8, 16.1, -93.9, -1.1, 58.7]
[14:01:31] STEP6 scrape marker 1 pos=[-0.1983 -0.3885  0.0898] euler_deg=[-127.8    88.25 -140.98] estimated=False
[14:01:34] ROTATE current_joints_deg=[-31.3, 50.8, -0.3, -66.8, 19.3, 53.0]
[14:01:34] ROTATE j6 53.0 deg --(-60)--> target -7.0 deg; exceeds_155=False exceeds_180=False
[14:01:37] ROTATE move_to(rotated) ok=True
[14:01:41] ROTATE move_to(restore) ok=True joints_after=[-31.3, 50.7, -0.3, -66.7, 19.4, 52.7]
[16:14:52] STEP4 scrape marker 1 pos=[-0.1959 -0.38    0.0923] euler_deg=[-79.92  84.64 171.09] estimated=None
[16:14:57] STEP4 arrived standoff joints_deg=[-33.6, 39.7, 8.1, -68.0, 17.7, 50.4]
[16:15:00] STEP5 arrived DEPTH joints_deg=[3.0, 35.5, 19.6, -96.3, -5.5, 54.2]
[16:15:00] STEP6 scrape marker 1 pos=[-0.1959 -0.38    0.0923] euler_deg=[-79.92  84.64 171.09] estimated=None
[16:15:03] ROTATE current_joints_deg=[-33.5, 39.8, 7.7, -67.7, 17.9, 50.3]
[16:15:03] ROTATE j6 50.3 deg --(-60)--> target -9.7 deg; exceeds_155=False exceeds_180=False
[16:15:06] ROTATE move_to(rotated) ok=True
[16:15:10] ROTATE move_to(restore) ok=True joints_after=[-33.5, 39.8, 7.7, -67.7, 17.9, 49.8]
[16:35:48] STEP4 scrape marker 1 pos=[-0.196  -0.3824  0.0943] euler_deg=[ -92.98   85.33 -176.45] estimated=None
[16:35:53] STEP4 arrived standoff joints_deg=[-33.6, 41.4, 6.4, -68.2, 19.0, 50.9]
[16:35:56] STEP5 arrived DEPTH joints_deg=[2.5, 36.0, 19.2, -96.1, -3.9, 54.8]
[16:35:56] STEP6 scrape marker 1 pos=[-0.196  -0.3824  0.0943] euler_deg=[ -92.98   85.33 -176.45] estimated=None
[16:35:59] ROTATE current_joints_deg=[-33.4, 41.6, 6.4, -67.8, 19.0, 51.1]
[16:35:59] ROTATE j6 51.1 deg --(-60)--> target -8.9 deg; exceeds_155=False exceeds_180=False
[16:36:02] ROTATE move_to(rotated) ok=True
[16:36:06] ROTATE move_to(restore) ok=True joints_after=[-33.5, 41.6, 6.4, -67.8, 19.0, 50.8]
[16:39:14] STEP4 scrape marker 1 pos=[-0.1964 -0.3812  0.0924] euler_deg=[ -93.78   84.81 -175.03] estimated=False
[16:39:18] STEP4 arrived standoff joints_deg=[-33.8, 41.5, 7.5, -68.2, 18.5, 51.3]
[16:39:22] STEP5 arrived DEPTH joints_deg=[2.7, 36.2, 19.6, -96.7, -4.1, 54.9]
[16:39:22] STEP6 scrape marker 1 pos=[-0.1964 -0.3812  0.0924] euler_deg=[ -93.78   84.81 -175.03] estimated=False
[16:39:25] ROTATE current_joints_deg=[-33.7, 41.5, 7.3, -67.9, 18.6, 51.3]
[16:39:25] ROTATE j6 51.3 deg --(-60)--> target -8.7 deg; exceeds_155=False exceeds_180=False
[16:39:28] ROTATE move_to(rotated) ok=True
[16:39:32] ROTATE move_to(restore) ok=True joints_after=[-33.8, 41.5, 7.3, -68.0, 18.6, 50.9]
[16:40:59] STEP4 scrape marker 1 pos=[-0.1964 -0.3812  0.0924] euler_deg=[ -93.78   84.81 -175.03] estimated=False
[16:41:04] STEP4 arrived standoff joints_deg=[-33.9, 45.1, 8.7, -66.7, 16.7, 56.0]
[16:41:07] STEP5 arrived DEPTH joints_deg=[2.8, 40.3, 21.0, -97.1, -3.6, 60.4]
[16:41:07] STEP6 scrape marker 1 pos=[-0.1964 -0.3812  0.0924] euler_deg=[ -93.78   84.81 -175.03] estimated=False
[16:41:10] ROTATE current_joints_deg=[-33.7, 45.1, 8.6, -66.5, 16.8, 55.8]
[16:41:10] ROTATE j6 55.8 deg --(-60)--> target -4.2 deg; exceeds_155=False exceeds_180=False
[16:41:14] ROTATE move_to(rotated) ok=True
[16:41:17] ROTATE move_to(restore) ok=True joints_after=[-33.8, 45.1, 8.6, -66.4, 16.8, 55.5]
[12:49:52] STEP4 scrape marker 1 pos=[-0.09  -0.441  0.22 ] euler_deg=[95.73 90.    0.  ] estimated=True
[12:52:45] STEP4 scrape marker 1 pos=[-0.09 -0.44  0.22] euler_deg=[90. 90.  0.] estimated=True
[13:10:07] STEP4 scrape marker 1 pos=[-0.2017 -0.4406  0.2173] euler_deg=[24.59 83.38 65.65] estimated=None
[13:10:11] STEP4 arrived standoff joints_deg=[-24.7, 45.4, -42.5, -81.7, 27.0, 6.1]
[13:10:14] STEP5 arrived DEPTH joints_deg=[4.6, 35.0, -15.7, -85.2, -4.1, 18.7]
[13:10:14] STEP6 scrape marker 1 pos=[-0.2015 -0.4406  0.2173] euler_deg=[21.72 83.73 68.47] estimated=None
[13:10:17] ROTATE current_joints_deg=[-25.0, 44.8, -40.9, -81.5, 26.7, 7.0]
[13:10:17] ROTATE j6 7.0 deg --(-60)--> target -53.0 deg; exceeds_155=False exceeds_180=False
[13:10:21] ROTATE move_to(rotated) ok=True
[13:10:24] ROTATE move_to(restore) ok=True joints_after=[-25.0, 44.7, -40.9, -81.5, 26.6, 6.9]
[13:17:50] STEP4 scrape marker 1 pos=[-0.19 -0.44  0.22] euler_deg=[90. 90.  0.] estimated=True
[13:17:54] STEP4 arrived standoff joints_deg=[-28.4, 45.4, -29.9, -92.7, 29.9, 12.3]
[13:17:58] STEP5 arrived DEPTH joints_deg=[1.7, 34.9, -9.7, -99.8, 2.7, 25.1]
[13:17:58] STEP6 scrape marker 1 pos=[-0.19 -0.44  0.22] euler_deg=[90. 90.  0.] estimated=True
[13:18:01] ROTATE current_joints_deg=[-28.4, 45.6, -30.6, -93.1, 29.9, 11.7]
[13:18:01] ROTATE j6 11.7 deg --(-60)--> target -48.3 deg; exceeds_155=False exceeds_180=False
[13:18:02] ROTATE move_to(rotated) ok=False
[13:18:03] ROTATE move_to(restore) ok=True joints_after=[-28.4, 45.6, -30.6, -93.1, 29.9, 11.7]
[14:52:54] STEP4 scrape marker 1 pos=[-0.1955 -0.4136  0.0936] euler_deg=[-101.81   84.38 -167.33] estimated=False
[14:52:59] STEP4 arrived standoff joints_deg=[-31.9, 50.4, 1.3, -76.3, 24.8, 51.2]
[14:53:02] STEP5 arrived DEPTH joints_deg=[2.1, 45.4, 12.5, -102.5, 5.3, 57.2]
[14:53:02] STEP6 scrape marker 1 pos=[-0.1955 -0.4136  0.0936] euler_deg=[-101.81   84.38 -167.33] estimated=False
[14:53:05] ROTATE current_joints_deg=[-31.8, 50.2, 1.2, -76.1, 24.9, 51.0]
[14:53:05] ROTATE j6 51.0 deg --(-60)--> target -9.0 deg; exceeds_155=False exceeds_180=False
[14:53:08] ROTATE move_to(rotated) ok=True
[14:53:12] ROTATE move_to(restore) ok=True joints_after=[-31.9, 50.3, 1.1, -76.1, 24.9, 50.8]
[14:55:41] STEP4 scrape marker 1 pos=[-0.1955 -0.4136  0.0936] euler_deg=[-101.81   84.38 -167.33] estimated=False
[14:55:45] STEP4 arrived standoff joints_deg=[-31.9, 50.3, 1.5, -76.3, 24.8, 51.3]
[14:55:49] STEP5 arrived DEPTH joints_deg=[2.3, 45.5, 12.5, -102.7, 5.2, 57.3]
[14:55:49] STEP6 scrape marker 1 pos=[-0.1955 -0.4136  0.0936] euler_deg=[-101.81   84.38 -167.33] estimated=False
[14:55:52] ROTATE current_joints_deg=[-31.8, 50.5, 1.2, -76.0, 24.9, 51.3]
[14:55:52] ROTATE j6 51.3 deg --(-60)--> target -8.7 deg; exceeds_155=False exceeds_180=False
[14:55:55] ROTATE move_to(rotated) ok=True
[14:55:59] ROTATE move_to(restore) ok=True joints_after=[-31.7, 50.4, 1.2, -76.0, 24.9, 50.9]
[14:58:13] STEP4 scrape marker 1 pos=[-0.1955 -0.4136  0.0936] euler_deg=[-101.81   84.38 -167.33] estimated=False
[14:58:17] STEP4 arrived standoff joints_deg=[-31.9, 49.7, 1.1, -73.3, 20.9, 51.6]
[14:58:20] STEP5 arrived DEPTH joints_deg=[2.0, 44.8, 12.6, -99.8, 1.1, 56.8]
[14:58:20] STEP6 scrape marker 1 pos=[-0.1955 -0.4136  0.0936] euler_deg=[-101.81   84.38 -167.33] estimated=False
[14:58:24] ROTATE current_joints_deg=[-31.8, 49.9, 0.9, -72.9, 21.1, 51.7]
[14:58:24] ROTATE j6 51.7 deg --(-60)--> target -8.3 deg; exceeds_155=False exceeds_180=False
[14:58:27] ROTATE move_to(rotated) ok=True
[14:58:31] ROTATE move_to(restore) ok=True joints_after=[-31.9, 49.9, 0.8, -72.9, 21.1, 51.4]
[14:59:29] STEP4 scrape marker 1 pos=[-0.1955 -0.4136  0.0936] euler_deg=[-101.81   84.38 -167.33] estimated=False
[14:59:33] STEP4 arrived standoff joints_deg=[-32.0, 49.8, 1.0, -73.2, 21.0, 51.7]
[14:59:36] STEP5 arrived DEPTH joints_deg=[2.3, 44.8, 12.5, -99.9, 1.0, 56.7]
[14:59:36] STEP6 scrape marker 1 pos=[-0.1955 -0.4136  0.0936] euler_deg=[-101.81   84.38 -167.33] estimated=False
[14:59:40] ROTATE current_joints_deg=[-31.7, 49.9, 1.0, -73.0, 21.1, 51.7]
[14:59:40] ROTATE j6 51.7 deg --(-60)--> target -8.3 deg; exceeds_155=False exceeds_180=False
[14:59:43] ROTATE move_to(rotated) ok=True
[14:59:47] ROTATE move_to(restore) ok=True joints_after=[-31.7, 49.9, 1.0, -73.1, 21.1, 51.4]
[15:00:16] STEP4 scrape marker 1 pos=[-0.1955 -0.4136  0.0936] euler_deg=[-101.81   84.38 -167.33] estimated=False
[15:00:20] STEP4 arrived standoff joints_deg=[-31.9, 49.8, 1.1, -73.2, 21.0, 51.8]
[15:00:23] STEP5 arrived DEPTH joints_deg=[2.1, 44.7, 12.7, -99.9, 1.0, 56.7]
[15:00:23] STEP6 scrape marker 1 pos=[-0.1955 -0.4136  0.0936] euler_deg=[-101.81   84.38 -167.33] estimated=False
[15:00:26] ROTATE current_joints_deg=[-31.8, 49.9, 1.2, -72.7, 21.1, 52.1]
[15:00:26] ROTATE j6 52.1 deg --(-60)--> target -7.9 deg; exceeds_155=False exceeds_180=False
[15:00:30] ROTATE move_to(rotated) ok=True
[15:00:33] ROTATE move_to(restore) ok=True joints_after=[-31.8, 49.9, 1.2, -72.7, 21.1, 51.8]
[15:01:13] STEP4 scrape marker 1 pos=[-0.1955 -0.4136  0.0936] euler_deg=[-101.81   84.38 -167.33] estimated=False
[15:01:17] STEP4 arrived standoff joints_deg=[-32.0, 49.8, 1.0, -73.1, 21.1, 51.8]
[15:01:21] STEP5 arrived DEPTH joints_deg=[2.2, 44.8, 12.4, -99.9, 1.0, 56.7]
[15:01:21] STEP6 scrape marker 1 pos=[-0.1955 -0.4136  0.0936] euler_deg=[-101.81   84.38 -167.33] estimated=False
[15:01:24] ROTATE current_joints_deg=[-31.8, 49.7, 1.4, -72.8, 21.1, 52.0]
[15:01:24] ROTATE j6 52.0 deg --(-60)--> target -8.0 deg; exceeds_155=False exceeds_180=False
[15:01:27] ROTATE move_to(rotated) ok=True
[15:01:31] ROTATE move_to(restore) ok=True joints_after=[-31.7, 49.7, 1.3, -72.8, 21.1, 51.6]
[15:02:07] STEP4 scrape marker 1 pos=[-0.1955 -0.4136  0.0936] euler_deg=[-101.81   84.38 -167.33] estimated=False
[15:02:12] STEP4 arrived standoff joints_deg=[-32.0, 49.7, 1.4, -73.1, 20.9, 52.0]
[15:02:15] STEP5 arrived DEPTH joints_deg=[2.1, 44.8, 12.3, -99.8, 1.0, 56.5]
[15:02:15] STEP6 scrape marker 1 pos=[-0.1955 -0.4136  0.0936] euler_deg=[-101.81   84.38 -167.33] estimated=False
[15:02:18] ROTATE current_joints_deg=[-31.9, 49.7, 1.4, -72.8, 21.1, 52.1]
[15:02:18] ROTATE j6 52.1 deg --(-60)--> target -7.9 deg; exceeds_155=False exceeds_180=False
[15:02:21] ROTATE move_to(rotated) ok=True
[15:02:25] ROTATE move_to(restore) ok=True joints_after=[-31.9, 49.6, 1.4, -72.8, 21.1, 51.7]
[15:03:03] STEP4 scrape marker 1 pos=[-0.1955 -0.4136  0.0936] euler_deg=[-101.81   84.38 -167.33] estimated=False
[15:03:07] STEP4 arrived standoff joints_deg=[-31.9, 49.8, 1.1, -73.2, 20.7, 51.8]
[15:03:11] STEP5 arrived DEPTH joints_deg=[2.1, 44.8, 12.7, -99.8, 1.0, 56.9]
[15:03:11] STEP6 scrape marker 1 pos=[-0.1955 -0.4136  0.0936] euler_deg=[-101.81   84.38 -167.33] estimated=False
[15:03:14] ROTATE current_joints_deg=[-31.8, 50.0, 0.8, -72.8, 21.2, 51.8]
[15:03:14] ROTATE j6 51.8 deg --(-60)--> target -8.2 deg; exceeds_155=False exceeds_180=False
[15:03:17] ROTATE move_to(rotated) ok=True
[15:03:21] ROTATE move_to(restore) ok=True joints_after=[-31.9, 50.0, 0.9, -72.8, 21.2, 51.3]
[15:04:38] STEP4 scrape marker 1 pos=[-0.1955 -0.4136  0.0936] euler_deg=[-101.81   84.38 -167.33] estimated=False
[15:04:43] STEP4 arrived standoff joints_deg=[-31.9, 49.7, 1.0, -73.1, 21.0, 51.6]
[15:04:46] STEP5 arrived DEPTH joints_deg=[2.2, 45.0, 12.5, -99.8, 1.0, 56.9]
[15:04:46] STEP6 scrape marker 1 pos=[-0.1955 -0.4136  0.0936] euler_deg=[-101.81   84.38 -167.33] estimated=False
[15:04:49] ROTATE current_joints_deg=[-31.8, 49.7, 1.1, -72.9, 21.2, 51.8]
[15:04:49] ROTATE j6 51.8 deg --(-60)--> target -8.2 deg; exceeds_155=False exceeds_180=False
[15:04:52] ROTATE move_to(rotated) ok=True
[15:04:56] ROTATE move_to(restore) ok=True joints_after=[-31.8, 49.7, 1.0, -72.9, 21.2, 51.5]
[15:22:02] STEP4 scrape marker 1 pos=[-0.1955 -0.4136  0.0936] euler_deg=[-101.81   84.38 -167.33] estimated=False
[15:22:07] STEP4 arrived standoff joints_deg=[-31.9, 49.8, 1.3, -73.0, 20.7, 52.1]
[15:22:10] STEP5 arrived DEPTH joints_deg=[2.0, 44.9, 12.4, -99.7, 1.1, 56.7]
[15:22:10] STEP6 scrape marker 1 pos=[-0.1955 -0.4136  0.0936] euler_deg=[-101.81   84.38 -167.33] estimated=False
[15:22:13] ROTATE current_joints_deg=[-31.8, 49.7, 1.4, -72.8, 21.1, 52.1]
[15:22:13] ROTATE j6 52.1 deg --(-60)--> target -7.9 deg; exceeds_155=False exceeds_180=False
[15:22:16] ROTATE move_to(rotated) ok=True
[15:22:20] ROTATE move_to(restore) ok=True joints_after=[-31.8, 49.8, 1.5, -72.8, 21.1, 51.7]
[15:25:04] STEP4 scrape marker 1 pos=[-0.1955 -0.4136  0.0936] euler_deg=[-101.81   84.38 -167.33] estimated=False
[15:25:09] STEP4 arrived standoff joints_deg=[-31.9, 49.8, 1.1, -73.1, 20.9, 51.7]
[15:25:12] STEP5 arrived DEPTH joints_deg=[2.1, 44.7, 12.5, -99.9, 1.0, 56.6]
[15:25:12] STEP6 scrape marker 1 pos=[-0.1955 -0.4136  0.0936] euler_deg=[-101.81   84.38 -167.33] estimated=False
[15:25:15] ROTATE current_joints_deg=[-31.9, 49.7, 1.4, -72.8, 21.1, 52.1]
[15:25:15] ROTATE j6 52.1 deg --(-60)--> target -7.9 deg; exceeds_155=False exceeds_180=False
[15:25:18] ROTATE move_to(rotated) ok=True
[15:25:22] ROTATE move_to(restore) ok=True joints_after=[-31.9, 49.7, 1.4, -72.8, 21.0, 51.8]
[15:26:48] STEP4 scrape marker 1 pos=[-0.1955 -0.4136  0.0936] euler_deg=[-101.81   84.38 -167.33] estimated=False
[15:26:53] STEP4 arrived standoff joints_deg=[-31.8, 49.9, 1.1, -73.2, 20.9, 51.8]
[15:26:56] STEP5 arrived DEPTH joints_deg=[2.1, 44.9, 12.3, -99.8, 1.0, 56.6]
[15:26:56] STEP6 scrape marker 1 pos=[-0.1955 -0.4136  0.0936] euler_deg=[-101.81   84.38 -167.33] estimated=False
[15:26:59] ROTATE current_joints_deg=[-31.7, 49.8, 1.2, -72.9, 21.0, 51.8]
[15:26:59] ROTATE j6 51.8 deg --(-60)--> target -8.2 deg; exceeds_155=False exceeds_180=False
[15:27:02] ROTATE move_to(rotated) ok=True
[15:27:06] ROTATE move_to(restore) ok=True joints_after=[-31.7, 49.8, 1.2, -72.9, 20.9, 51.4]
[15:54:21] SCRAPE marker 1 pos=[-0.1955 -0.4136  0.0936] euler_deg=[-101.81   84.38 -167.33] estimated=False
[15:54:25] SCRAPE wp 1/3 ok=True joints_deg=[-31.9, 49.9, 0.9, -73.1, 20.9, 51.7]
[15:54:29] SCRAPE wp 2/3 ok=True joints_deg=[2.1, 44.9, 12.3, -99.8, 1.0, 56.7]
[15:54:32] SCRAPE wp 3/3 ok=True joints_deg=[-31.7, 49.8, 1.3, -72.9, 21.0, 52.1]
[15:54:32] ROTATE current_joints_deg=[-31.7, 49.8, 1.3, -72.9, 21.0, 52.1]
[15:54:32] ROTATE j6 52.1 deg --(-60)--> target -7.9 deg; exceeds_155=False exceeds_180=False
[15:54:35] ROTATE move_to(rotated) ok=True
[15:54:39] ROTATE move_to(restore) ok=True joints_after=[-31.7, 49.9, 1.4, -72.9, 21.1, 51.7]
[16:02:44] SCRAPE marker 1 pos=[-0.1955 -0.4136  0.0936] euler_deg=[-101.81   84.38 -167.33] estimated=False
[16:02:48] SCRAPE wp 1/3 ok=True joints_deg=[-31.9, 49.8, 1.5, -73.1, 20.9, 52.1]
[16:02:51] SCRAPE wp 2/3 ok=True joints_deg=[2.2, 44.7, 12.6, -99.9, 0.9, 56.8]
[16:02:55] SCRAPE wp 3/3 ok=True joints_deg=[-31.7, 49.9, 1.1, -73.0, 21.1, 51.8]
[16:02:55] ROTATE current_joints_deg=[-31.7, 49.9, 1.1, -73.0, 21.1, 51.8]
[16:02:55] ROTATE j6 51.8 deg --(-60)--> target -8.2 deg; exceeds_155=False exceeds_180=False
[16:02:58] ROTATE move_to(rotated) ok=True
[16:03:02] ROTATE move_to(restore) ok=True joints_after=[-31.8, 49.9, 1.0, -73.0, 21.0, 51.4]
[16:04:10] SCRAPE marker 1 pos=[-0.1955 -0.4136  0.0936] euler_deg=[-101.81   84.38 -167.33] estimated=False
[16:04:14] SCRAPE wp 1/3 ok=True joints_deg=[-31.9, 51.2, 1.5, -72.5, 20.5, 53.6]
[16:04:17] SCRAPE wp 2/3 ok=True joints_deg=[2.3, 46.4, 12.9, -99.9, 1.2, 58.6]
[16:04:21] SCRAPE wp 3/3 ok=True joints_deg=[-31.7, 51.2, 1.5, -72.3, 20.6, 53.7]
[16:04:21] ROTATE current_joints_deg=[-31.7, 51.2, 1.5, -72.3, 20.6, 53.7]
[16:04:21] ROTATE j6 53.7 deg --(-60)--> target -6.3 deg; exceeds_155=False exceeds_180=False
[16:04:24] ROTATE move_to(rotated) ok=True
[16:04:28] ROTATE move_to(restore) ok=True joints_after=[-31.7, 51.2, 1.5, -72.3, 20.5, 53.4]
[16:09:51] SCRAPE marker 1 pos=[-0.1955 -0.4136  0.0936] euler_deg=[-101.81   84.38 -167.33] estimated=False
[16:09:55] SCRAPE wp 1/3 ok=True joints_deg=[-31.9, 52.7, 1.5, -72.1, 19.9, 55.2]
[16:09:58] SCRAPE wp 2/3 ok=True joints_deg=[2.3, 48.1, 13.0, -100.0, 1.4, 60.5]
[16:10:02] SCRAPE wp 3/3 ok=True joints_deg=[-31.7, 52.7, 1.6, -71.8, 20.1, 55.2]
[16:10:02] ROTATE current_joints_deg=[-31.7, 52.7, 1.6, -71.8, 20.1, 55.2]
[16:10:02] ROTATE j6 55.2 deg --(-60)--> target -4.8 deg; exceeds_155=False exceeds_180=False
[16:10:05] ROTATE move_to(rotated) ok=True
[16:10:09] ROTATE move_to(restore) ok=True joints_after=[-31.7, 52.7, 1.6, -71.8, 20.2, 54.9]
[16:11:22] SCRAPE marker 1 pos=[-0.1955 -0.4136  0.0936] euler_deg=[-101.81   84.38 -167.33] estimated=False
[16:11:27] SCRAPE wp 1/3 ok=True joints_deg=[-32.0, 52.7, 1.4, -71.9, 20.0, 55.1]
[16:11:30] SCRAPE wp 2/3 ok=True joints_deg=[2.3, 48.1, 12.7, -99.9, 1.4, 60.3]
[16:11:33] SCRAPE wp 3/3 ok=True joints_deg=[-31.9, 52.8, 1.4, -71.7, 20.2, 55.1]
[16:11:33] ROTATE current_joints_deg=[-31.9, 52.8, 1.4, -71.7, 20.2, 55.1]
[16:11:33] ROTATE j6 55.1 deg --(-60)--> target -4.9 deg; exceeds_155=False exceeds_180=False
[16:11:36] ROTATE move_to(rotated) ok=True
[16:11:40] ROTATE move_to(restore) ok=True joints_after=[-31.9, 52.7, 1.4, -71.7, 20.2, 54.8]
[16:12:45] SCRAPE marker 1 pos=[-0.1955 -0.4136  0.0936] euler_deg=[-101.81   84.38 -167.33] estimated=False
[16:12:49] SCRAPE wp 1/3 ok=True joints_deg=[-31.9, 52.8, 1.5, -71.9, 19.8, 55.3]
[16:12:52] SCRAPE wp 2/3 ok=True joints_deg=[2.2, 48.1, 12.8, -99.9, 1.6, 60.3]
[16:12:56] SCRAPE wp 3/3 ok=True joints_deg=[-31.8, 52.7, 1.8, -71.7, 20.0, 55.4]
[16:12:56] ROTATE current_joints_deg=[-31.8, 52.7, 1.8, -71.7, 20.0, 55.4]
[16:12:56] ROTATE j6 55.4 deg --(-60)--> target -4.6 deg; exceeds_155=False exceeds_180=False
[16:12:59] ROTATE move_to(rotated) ok=True
[16:13:03] ROTATE move_to(restore) ok=True joints_after=[-31.7, 52.7, 1.7, -71.7, 20.0, 55.0]
[16:13:50] SCRAPE marker 1 pos=[-0.1955 -0.4136  0.0936] euler_deg=[-101.81   84.38 -167.33] estimated=False
[16:13:54] SCRAPE wp 1/3 ok=True joints_deg=[-31.9, 52.8, 1.6, -71.9, 19.9, 55.3]
[16:13:57] SCRAPE wp 2/3 ok=True joints_deg=[2.2, 48.1, 12.8, -99.9, 1.5, 60.3]
[16:14:00] SCRAPE wp 3/3 ok=True joints_deg=[-31.7, 52.8, 1.6, -71.8, 20.0, 55.3]
[16:14:00] ROTATE current_joints_deg=[-31.7, 52.8, 1.6, -71.8, 20.0, 55.3]
[16:14:00] ROTATE j6 55.3 deg --(-60)--> target -4.7 deg; exceeds_155=False exceeds_180=False
[16:14:04] ROTATE move_to(rotated) ok=True
[16:14:07] ROTATE move_to(restore) ok=True joints_after=[-31.7, 52.8, 1.6, -71.8, 20.0, 54.8]
[12:34:50] SCRAPE marker 1 pos=[-0.1936 -0.4092  0.0887] euler_deg=[-88.66  85.1  179.65] estimated=False
[12:34:55] SCRAPE wp 1/3 ok=True joints_deg=[-31.8, 52.2, 1.2, -70.7, 19.5, 54.5]
[12:34:58] SCRAPE wp 2/3 ok=True joints_deg=[2.2, 48.0, 13.5, -98.7, 0.9, 60.8]
[12:35:01] SCRAPE wp 3/3 ok=True joints_deg=[-31.9, 52.2, 1.5, -70.6, 19.6, 54.9]
[12:35:01] ROTATE current_joints_deg=[-31.9, 52.2, 1.5, -70.6, 19.6, 54.9]
[12:35:01] ROTATE j6 54.9 deg --(-60)--> target -5.1 deg; exceeds_155=False exceeds_180=False
[12:35:04] ROTATE move_to(rotated) ok=True
[12:35:08] ROTATE move_to(restore) ok=True joints_after=[-31.9, 52.2, 1.5, -70.5, 19.6, 54.5]
[12:38:42] SCRAPE marker 1 pos=[-0.1936 -0.4092  0.0887] euler_deg=[-88.66  85.1  179.65] estimated=False
[12:43:45] SCRAPE marker 1 pos=[-0.1936 -0.4092  0.0887] euler_deg=[-88.66  85.1  179.65] estimated=False
[12:43:50] SCRAPE wp 1/3 ok=True joints_deg=[-32.1, 52.2, 1.4, -70.8, 19.5, 54.9]
[12:43:53] SCRAPE wp 2/3 ok=True joints_deg=[2.1, 48.0, 13.5, -98.7, 0.9, 60.8]
[12:43:56] SCRAPE wp 3/3 ok=True joints_deg=[-31.9, 52.3, 1.2, -70.6, 19.6, 54.7]
[12:43:56] ROTATE current_joints_deg=[-31.9, 52.3, 1.2, -70.6, 19.6, 54.7]
[12:43:56] ROTATE j6 54.7 deg --(-60)--> target -5.3 deg; exceeds_155=False exceeds_180=False
[12:43:59] ROTATE move_to(rotated) ok=True
[12:44:03] ROTATE move_to(restore) ok=True joints_after=[-31.8, 52.2, 1.2, -70.6, 19.6, 54.5]
[12:44:40] SCRAPE marker 1 pos=[-0.2119 -0.4134  0.1035] euler_deg=[-24.03  76.51 114.77] estimated=None
[12:44:45] SCRAPE wp 1/3 ok=True joints_deg=[-26.5, 35.4, 2.8, -71.4, 11.2, 41.4]
[12:44:48] SCRAPE wp 2/3 ok=True joints_deg=[8.0, 41.0, 10.0, -96.1, -14.2, 50.8]
[12:44:51] SCRAPE wp 3/3 ok=True joints_deg=[-26.2, 35.4, 3.1, -71.1, 11.2, 41.6]
[12:44:51] ROTATE current_joints_deg=[-26.2, 35.4, 3.1, -71.1, 11.2, 41.6]
[12:44:51] ROTATE j6 41.6 deg --(-60)--> target -18.4 deg; exceeds_155=False exceeds_180=False
[12:44:54] ROTATE move_to(rotated) ok=True
[12:44:58] ROTATE move_to(restore) ok=True joints_after=[-26.2, 35.5, 3.0, -71.1, 11.3, 41.4]
[12:46:09] SCRAPE marker 1 pos=[-0.2119 -0.4134  0.1035] euler_deg=[-24.03  76.51 114.77] estimated=False
[12:46:13] SCRAPE wp 1/3 ok=True joints_deg=[-26.4, 35.7, 2.9, -71.3, 11.0, 41.7]
[12:46:17] SCRAPE wp 2/3 ok=True joints_deg=[8.0, 41.1, 9.9, -96.1, -14.3, 50.8]
[12:46:20] SCRAPE wp 3/3 ok=True joints_deg=[-26.2, 35.5, 2.7, -71.2, 11.3, 41.3]
[12:46:20] ROTATE current_joints_deg=[-26.2, 35.5, 2.7, -71.2, 11.3, 41.3]
[12:46:20] ROTATE j6 41.3 deg --(-60)--> target -18.7 deg; exceeds_155=False exceeds_180=False
[12:46:23] ROTATE move_to(rotated) ok=True
[12:46:27] ROTATE move_to(restore) ok=True joints_after=[-26.2, 35.6, 2.7, -71.2, 11.3, 40.9]
[12:47:33] SCRAPE marker 1 pos=[-0.2119 -0.4134  0.1035] euler_deg=[-24.03  76.51 114.77] estimated=False
[12:47:37] SCRAPE wp 1/3 ok=True joints_deg=[-26.5, 35.5, 2.8, -71.3, 11.2, 41.4]
[12:47:41] SCRAPE wp 2/3 ok=True joints_deg=[8.1, 40.9, 10.1, -96.1, -14.2, 50.8]
[12:47:44] SCRAPE wp 3/3 ok=True joints_deg=[-26.3, 35.6, 3.0, -71.1, 11.3, 41.7]
[12:47:44] ROTATE current_joints_deg=[-26.3, 35.6, 3.0, -71.1, 11.3, 41.7]
[12:47:44] ROTATE j6 41.7 deg --(-60)--> target -18.3 deg; exceeds_155=False exceeds_180=False
[12:47:47] ROTATE move_to(rotated) ok=True
[12:47:51] ROTATE move_to(restore) ok=True joints_after=[-26.4, 35.5, 3.0, -71.1, 11.2, 41.4]
[12:58:03] SCRAPE marker 1 pos=[-0.2119 -0.4134  0.1035] euler_deg=[-24.03  76.51 114.77] estimated=False
[12:58:07] SCRAPE wp 1/3 ok=True joints_deg=[-26.4, 35.7, 2.8, -71.3, 11.1, 41.6]
[12:58:10] SCRAPE wp 2/3 ok=True joints_deg=[8.0, 41.1, 10.1, -96.1, -14.1, 51.0]
[12:58:13] SCRAPE wp 3/3 ok=True joints_deg=[-26.3, 35.5, 2.7, -71.1, 11.4, 41.4]
[12:58:13] ROTATE current_joints_deg=[-26.3, 35.5, 2.7, -71.1, 11.4, 41.4]
[12:58:13] ROTATE j6 41.4 deg --(-60)--> target -18.6 deg; exceeds_155=False exceeds_180=False
[12:58:17] ROTATE move_to(rotated) ok=True
[12:58:21] ROTATE move_to(restore) ok=True joints_after=[-26.3, 35.5, 2.7, -71.1, 11.3, 41.1]
[13:03:52] SCRAPE marker 1 pos=[-0.2119 -0.4134  0.1035] euler_deg=[-24.03  76.51 114.77] estimated=False
[13:03:56] SCRAPE wp 1/3 ok=True joints_deg=[-26.3, 35.4, 2.9, -71.4, 11.0, 41.4]
[13:04:00] SCRAPE wp 2/3 ok=True joints_deg=[8.1, 41.1, 10.1, -96.2, -14.3, 51.0]
[13:04:03] SCRAPE wp 3/3 ok=True joints_deg=[-26.2, 35.6, 2.8, -71.1, 11.3, 41.4]
[13:04:03] ROTATE current_joints_deg=[-26.2, 35.6, 2.8, -71.1, 11.3, 41.4]
[13:04:03] ROTATE j6 41.4 deg --(-60)--> target -18.6 deg; exceeds_155=False exceeds_180=False
[13:04:06] ROTATE move_to(rotated) ok=True
[13:04:10] ROTATE move_to(restore) ok=True joints_after=[-26.3, 35.6, 2.8, -71.1, 11.3, 41.2]
[14:26:06] SCRAPE marker 1 pos=[-0.1934 -0.4118  0.0914] euler_deg=[ -90.81   86.04 -178.75] estimated=False
[14:26:17] SCRAPE walk done joints_deg=[-31.4, 52.7, -0.9, -70.9, 20.7, 53.6]
[14:26:17] ROTATE current_joints_deg=[-31.4, 52.7, -0.9, -70.9, 20.7, 53.6]
[14:26:17] ROTATE j6 53.6 deg --(-60)--> target -6.4 deg; exceeds_155=False exceeds_180=False
[14:26:21] ROTATE move_to(rotated) ok=True
[14:26:25] ROTATE move_to(restore) ok=True joints_after=[-31.4, 52.7, -0.9, -70.9, 20.7, 53.2]
[14:30:27] SCRAPE marker 1 pos=[-0.1932 -0.4108  0.089 ] euler_deg=[-84.96  86.04 176.23] estimated=False
[14:30:38] SCRAPE walk done joints_deg=[-31.2, 52.7, -1.0, -70.9, 20.2, 52.9]
[14:30:38] ROTATE current_joints_deg=[-31.2, 52.7, -1.0, -70.9, 20.2, 52.9]
[14:30:38] ROTATE j6 52.9 deg --(-60)--> target -7.1 deg; exceeds_155=False exceeds_180=False
[14:30:41] ROTATE move_to(rotated) ok=True
[14:30:45] ROTATE move_to(restore) ok=True joints_after=[-31.2, 52.7, -1.1, -70.8, 20.3, 52.7]
[14:20:06] SCRAPE marker 1 pos=[ 0.26 -0.13  0.19] euler_deg=[-90.   0. 180.] estimated=True
[14:36:25] SCRAPE marker 1 pos=[ 0.26 -0.13  0.19] euler_deg=[-90.   0. 180.] estimated=True
[14:37:59] SCRAPE marker 1 pos=[ 0.26 -0.13  0.19] euler_deg=[-90.   0. 180.] estimated=True
[14:39:44] SCRAPE marker 1 pos=[ 0.26 -0.13  0.19] euler_deg=[-90.   0. 180.] estimated=True
[14:45:14] SCRAPE marker 1 pos=[ 0.36 -0.19  0.19] euler_deg=[-90.   0. 180.] estimated=True
[14:45:34] SCRAPE walk done joints_deg=[35.0, 77.2, 143.7, 100.3, -124.0, 115.0]
[14:45:34] ROTATE current_joints_deg=[35.0, 77.2, 143.7, 100.3, -124.0, 115.0]
[14:45:34] ROTATE j6 115.0 deg --(-60)--> target 55.0 deg; exceeds_155=False exceeds_180=False
[14:45:37] ROTATE move_to(rotated) ok=False
[14:45:38] ROTATE move_to(restore) ok=True joints_after=[35.0, 77.2, 143.7, 100.3, -124.0, 115.0]
[14:56:44] SCRAPE marker 1 pos=[ 0.3  -0.13  0.19] euler_deg=[-90.   0. 180.] estimated=True
[15:15:55] SCRAPE marker 1 pos=[ 0.3  -0.13  0.19] euler_deg=[-90.   0. 180.] estimated=True
[15:16:50] SCRAPE marker 1 pos=[ 0.3  -0.19  0.19] euler_deg=[-90.   0. 180.] estimated=True
[15:17:02] SCRAPE walk done joints_deg=[34.0, 45.3, 88.3, 112.7, -116.3, 140.8]
[15:17:02] ROTATE current_joints_deg=[34.0, 45.3, 88.3, 112.7, -116.3, 140.8]
[15:17:02] ROTATE j6 140.8 deg --(-60)--> target 80.8 deg; exceeds_155=False exceeds_180=False
[15:17:06] ROTATE move_to(rotated) ok=True
[15:17:10] ROTATE move_to(restore) ok=True joints_after=[33.9, 45.3, 88.3, 112.8, -116.3, 140.1]
[15:19:16] SCRAPE marker 1 pos=[ 0.3  -0.19  0.19] euler_deg=[-90.   0. 180.] estimated=True
[15:19:28] SCRAPE walk done joints_deg=[28.3, 40.0, 79.6, 109.3, -111.6, 142.9]
[15:19:28] ROTATE current_joints_deg=[28.3, 40.0, 79.6, 109.3, -111.6, 142.9]
[15:19:28] ROTATE j6 142.9 deg --(-60)--> target 82.9 deg; exceeds_155=False exceeds_180=False
[15:19:32] ROTATE move_to(rotated) ok=True
[15:19:36] ROTATE move_to(restore) ok=True joints_after=[28.2, 40.0, 79.7, 109.3, -111.5, 142.2]
[15:25:29] SCRAPE marker 1 pos=[ 0.3  -0.19  0.19] euler_deg=[-90.   0. 180.] estimated=True
[15:25:40] SCRAPE walk done joints_deg=[28.4, 39.9, 79.3, -70.5, 111.6, -36.9]
[15:25:40] ROTATE current_joints_deg=[28.4, 39.9, 79.3, -70.5, 111.6, -36.9]
[15:25:40] ROTATE j6 -36.9 deg --(-60)--> target -96.9 deg; exceeds_155=False exceeds_180=False
[15:25:43] ROTATE move_to(rotated) ok=False
[15:25:44] ROTATE move_to(restore) ok=True joints_after=[28.4, 39.9, 79.3, -70.5, 111.6, -36.9]
[15:29:54] SCRAPE marker 1 pos=[ 0.3  -0.19  0.19] euler_deg=[-90.   0. 180.] estimated=True
[15:30:06] SCRAPE walk done joints_deg=[28.2, 39.9, 79.3, -70.7, 111.5, -37.1]
[15:30:06] ROTATE current_joints_deg=[28.2, 39.9, 79.3, -70.7, 111.5, -37.1]
[15:30:06] ROTATE j6 -37.1 deg --(-60)--> target -97.1 deg; exceeds_155=False exceeds_180=False
[15:30:08] ROTATE move_to(rotated) ok=False
[15:30:10] ROTATE move_to(restore) ok=True joints_after=[28.2, 39.9, 79.3, -70.7, 111.5, -37.1]
[08:14:01] SCRAPE marker 1 pos=[0.3    0.2406 0.1101] euler_deg=[8.956e+01 2.800e-01 5.000e-02] estimated=None
[08:14:20] SCRAPE walk done joints_deg=[-28.9, 8.1, -33.7, 65.2, 106.3, 113.1]
[08:14:20] ROTATE current_joints_deg=[-28.9, 8.1, -33.7, 65.2, 106.3, 113.1]
[08:14:20] ROTATE j6 113.1 deg --(-60)--> target 53.1 deg; exceeds_155=False exceeds_180=False
[08:14:24] ROTATE move_to(rotated) ok=True
[08:14:28] ROTATE move_to(restore) ok=True joints_after=[-28.8, 8.1, -33.7, 65.1, 106.3, 112.5]
[11:16:30] SCRAPE marker 1 pos=[0.25 0.06 0.01] euler_deg=[0. 0. 0.] estimated=True
[11:17:32] SCRAPE marker 1 pos=[ 0.34 -0.2   0.11] euler_deg=[ 90. -90.   0.] estimated=True
[11:17:53] SCRAPE walk done joints_deg=[-93.3, 29.5, 33.5, 87.0, 95.2, 94.0]
[11:17:53] ROTATE current_joints_deg=[-93.3, 29.5, 33.5, 87.0, 95.2, 94.0]
[11:17:53] ROTATE j6 94.0 deg --(-60)--> target 34.0 deg; exceeds_155=False exceeds_180=False
[11:18:37] SCRAPE marker 1 pos=[ 0.3406 -0.2001  0.1099] euler_deg=[102.49 -89.77  12.5 ] estimated=None
[11:18:48] SCRAPE walk done joints_deg=[-93.3, 29.9, 33.8, 86.8, 95.2, 93.9]
[11:18:48] ROTATE current_joints_deg=[-93.3, 29.9, 33.8, 86.8, 95.2, 93.9]
[11:18:48] ROTATE j6 93.9 deg --(-60)--> target 33.9 deg; exceeds_155=False exceeds_180=False
[11:18:52] ROTATE move_to(rotated) ok=True
[11:18:56] ROTATE move_to(restore) ok=True joints_after=[-93.3, 29.9, 33.8, 86.9, 95.2, 93.2]
[11:21:59] SCRAPE marker 1 pos=[ 0.3405 -0.2001  0.1097] euler_deg=[173.25 -89.68  83.25] estimated=None
[11:22:19] SCRAPE walk done joints_deg=[-93.4, 30.4, 33.6, -93.1, -95.5, -86.8]
[11:22:19] ROTATE current_joints_deg=[-93.4, 30.4, 33.6, -93.1, -95.5, -86.8]
[11:22:19] ROTATE j6 -86.8 deg --(-60)--> target -146.8 deg; exceeds_155=False exceeds_180=False
[11:22:26] ROTATE move_to(rotated) ok=True
[11:22:33] ROTATE move_to(restore) ok=True joints_after=[-93.4, 30.4, 33.6, -93.2, -95.5, -86.9]
[11:23:32] SCRAPE marker 1 pos=[ 0.3405 -0.2001  0.1099] euler_deg=[159.65 -89.66  69.57] estimated=None
[11:23:53] SCRAPE walk done joints_deg=[-93.2, 30.2, 33.6, -93.0, -95.5, -86.4]
[11:23:53] ROTATE current_joints_deg=[-93.2, 30.2, 33.6, -93.0, -95.5, -86.4]
[11:23:53] ROTATE j6 -86.4 deg --(-60)--> target -146.4 deg; exceeds_155=False exceeds_180=False
[11:24:52] ROTATE move_to(rotated) ok=False
[11:24:53] ROTATE move_to(restore) ok=True joints_after=[-93.2, 30.2, 33.6, -93.0, -95.5, -86.4]
[11:27:24] SCRAPE marker 1 pos=[0.25 0.06 0.01] euler_deg=[0. 0. 0.] estimated=True
[11:27:37] SCRAPE walk done joints_deg=[30.5, 16.7, 68.3, -174.3, -49.2, 26.8]
[11:27:37] ROTATE current_joints_deg=[30.5, 16.7, 68.3, -174.3, -49.2, 26.8]
[11:27:37] ROTATE j6 26.8 deg --(-60)--> target -33.2 deg; exceeds_155=False exceeds_180=False
[11:27:40] ROTATE move_to(rotated) ok=True
[11:27:44] ROTATE move_to(restore) ok=True joints_after=[30.5, 16.7, 68.3, -174.2, -49.2, 26.2]
[11:29:00] SCRAPE marker 1 pos=[0.25 0.06 0.01] euler_deg=[0. 0. 0.] estimated=True
[11:29:13] SCRAPE walk done joints_deg=[30.3, 16.4, 67.9, 5.8, 49.1, -153.4]
[11:29:13] ROTATE current_joints_deg=[30.3, 16.4, 67.9, 5.8, 49.1, -153.4]
[11:29:13] ROTATE j6 -153.4 deg --(-60)--> target -213.4 deg; exceeds_155=True exceeds_180=True
[11:29:17] ROTATE move_to(rotated) ok=False
[11:29:20] ROTATE move_to(restore) ok=True joints_after=[30.4, 16.5, 67.9, 5.8, 49.1, -153.6]
[11:35:02] SCRAPE marker 1 pos=[ 0.25  0.06 -0.21] euler_deg=[-180.    0.  180.] estimated=True
[11:36:22] SCRAPE marker 1 pos=[ 0.3   0.06 -0.21] euler_deg=[-180.    0.  180.] estimated=True
[11:42:34] SCRAPE marker 1 pos=[ 0.3   0.06 -0.21] euler_deg=[-180.    0.  180.] estimated=True
[11:45:20] SCRAPE marker 1 pos=[ 0.35  0.06 -0.21] euler_deg=[-180.    0.  180.] estimated=True
[11:47:34] SCRAPE marker 1 pos=[ 0.4   0.06 -0.21] euler_deg=[-180.    0.  180.] estimated=True
[11:53:06] SCRAPE marker 1 pos=[0.4  0.04 0.01] euler_deg=[ -0.   0. 180.] estimated=True
[11:53:20] SCRAPE walk done joints_deg=[6.6, 53.4, 115.1, -5.6, 62.4, 9.2]
[11:53:20] ROTATE current_joints_deg=[6.6, 53.4, 115.1, -5.6, 62.4, 9.2]
[11:53:20] ROTATE j6 9.2 deg --(-60)--> target -50.8 deg; exceeds_155=False exceeds_180=False
[11:53:23] ROTATE move_to(rotated) ok=True
[11:53:27] ROTATE move_to(restore) ok=True joints_after=[6.6, 53.3, 115.1, -5.7, 62.4, 8.6]
[13:31:44] SCRAPE marker 1 pos=[ 0.4134  0.048  -0.012 ] euler_deg=[  3.3   -5.48 179.3 ] estimated=False
[13:31:51] SCRAPE walk done joints_deg=[5.3, 48.7, 101.9, -2.9, 48.1, 8.2]
[13:31:51] ROTATE current_joints_deg=[5.3, 48.7, 101.9, -2.9, 48.1, 8.2]
[13:31:51] ROTATE j6 8.2 deg --(-60)--> target -51.8 deg; exceeds_155=False exceeds_180=False
[13:31:52] ROTATE move_to(rotated) ok=True
[13:31:54] ROTATE move_to(restore) ok=True joints_after=[5.2, 48.7, 101.9, -3.0, 48.1, 8.2]
[14:15:34] SCRAPE marker 1 pos=[ 0.4133  0.0483 -0.0117] euler_deg=[  2.46  -7.   179.16] estimated=False
[14:15:47] SCRAPE walk done joints_deg=[6.1, 46.3, 97.7, -4.7, 44.9, 10.4]
[14:15:47] ROTATE current_joints_deg=[6.1, 46.3, 97.7, -4.7, 44.9, 10.4]
[14:15:47] ROTATE j6 10.4 deg --(-60)--> target -49.6 deg; exceeds_155=False exceeds_180=False
[14:15:51] ROTATE move_to(rotated) ok=True
[14:15:56] ROTATE move_to(restore) ok=True joints_after=[6.1, 46.3, 97.7, -4.7, 44.9, 10.4]
[14:16:49] SCRAPE marker 1 pos=[ 0.4133  0.0483 -0.0117] euler_deg=[  2.46  -7.   179.16] estimated=False
[14:17:03] SCRAPE walk done joints_deg=[6.0, 46.3, 97.8, -4.6, 45.0, 10.4]
[14:17:03] ROTATE current_joints_deg=[6.0, 46.3, 97.8, -4.6, 45.0, 10.4]
[14:17:03] ROTATE j6 10.4 deg --(-60)--> target -49.6 deg; exceeds_155=False exceeds_180=False
[14:17:07] ROTATE move_to(rotated) ok=True
[14:17:12] ROTATE move_to(restore) ok=True joints_after=[6.1, 46.3, 97.9, -4.6, 45.1, 10.3]
[14:18:07] SCRAPE marker 1 pos=[ 0.4133  0.0483 -0.0117] euler_deg=[  2.46  -7.   179.16] estimated=False
[14:18:25] SCRAPE walk done joints_deg=[12.0, 40.1, 107.4, -4.5, 61.2, 15.1]
[14:18:25] ROTATE current_joints_deg=[12.0, 40.1, 107.4, -4.5, 61.2, 15.1]
[14:18:25] ROTATE j6 15.1 deg --(-60)--> target -44.9 deg; exceeds_155=False exceeds_180=False
[14:18:29] ROTATE move_to(rotated) ok=True
[14:18:33] ROTATE move_to(restore) ok=True joints_after=[12.0, 40.2, 107.4, -4.5, 61.2, 15.1]
[14:57:06] SCRAPE marker 1 pos=[ 0.4133  0.0483 -0.0117] euler_deg=[  2.46  -7.   179.16] estimated=False
[14:59:48] SCRAPE marker 1 pos=[ 0.4123  0.0473 -0.0131] euler_deg=[  2.85  -5.96 178.92] estimated=False
[15:00:04] SCRAPE walk done joints_deg=[11.1, 41.6, 116.6, -3.5, 69.7, 13.6]
[15:00:04] ROTATE current_joints_deg=[11.1, 41.6, 116.6, -3.5, 69.7, 13.6]
[15:00:04] ROTATE j6 13.6 deg --(-60)--> target -46.4 deg; exceeds_155=False exceeds_180=False
[15:00:08] ROTATE move_to(rotated) ok=True
[15:01:07] SCRAPE marker 1 pos=[ 0.4271  0.0709 -0.0355] euler_deg=[ 10.19  -0.92 179.19] estimated=None
[15:03:54] SCRAPE marker 1 pos=[ 0.4129  0.0483 -0.0122] euler_deg=[  4.05  -3.58 179.12] estimated=False
[15:08:58] SCRAPE marker 1 pos=[ 0.4129  0.0488 -0.012 ] euler_deg=[  1.08  -4.91 179.01] estimated=False
[15:09:36] SCRAPE marker 1 pos=[ 0.4129  0.0488 -0.012 ] euler_deg=[  1.08  -4.91 179.01] estimated=False
[15:18:34] SCRAPE marker 1 pos=[ 0.412   0.0485 -0.0133] euler_deg=[  1.05  -4.12 179.09] estimated=False
[15:21:41] SCRAPE marker 1 pos=[ 0.412   0.0485 -0.0133] euler_deg=[  1.05  -4.12 179.09] estimated=False
[15:22:24] SCRAPE marker 1 pos=[ 0.4258  0.0711 -0.0432] euler_deg=[  6.37  -4.39 179.54] estimated=False
[15:22:56] SCRAPE marker 1 pos=[ 0.4258  0.0711 -0.0432] euler_deg=[  6.37  -4.39 179.54] estimated=False
[15:23:59] SCRAPE marker 1 pos=[ 0.4258  0.0711 -0.0432] euler_deg=[  6.37  -4.39 179.54] estimated=False
[15:25:49] SCRAPE marker 1 pos=[ 0.4258  0.0711 -0.0432] euler_deg=[  6.37  -4.39 179.54] estimated=False
[15:37:46] SCRAPE marker 1 pos=[ 0.4031  0.0487 -0.0127] euler_deg=[  1.38  -4.96 179.05] estimated=False
[16:02:17] SCRAPE marker 1 pos=[ 0.4031  0.0487 -0.0127] euler_deg=[  1.38  -4.96 179.05] estimated=False
[16:02:32] SCRAPE walk done joints_deg=[12.9, 42.2, 117.7, -4.8, 71.7, 15.5]
[16:02:32] ROTATE current_joints_deg=[12.9, 42.2, 117.7, -4.8, 71.7, 15.5]
[16:02:32] ROTATE j6 15.5 deg --(-60)--> target -44.5 deg; exceeds_155=False exceeds_180=False
[16:02:36] ROTATE move_to(rotated) ok=True
[16:02:41] ROTATE move_to(restore) ok=True joints_after=[12.9, 42.2, 117.7, -4.8, 71.6, 15.5]
[16:03:20] SCRAPE marker 1 pos=[ 0.4159  0.0769 -0.037 ] euler_deg=[  9.56  -1.39 179.68] estimated=None
[16:41:37] SCRAPE marker 1 pos=[ 0.4027  0.0508 -0.0116] euler_deg=[  3.3   -6.02 178.78] estimated=False
[16:41:57] SCRAPE walk done joints_deg=[11.2, 37.8, 111.3, 177.0, -68.0, -166.1]
[16:41:57] ROTATE current_joints_deg=[11.2, 37.8, 111.3, 177.0, -68.0, -166.1]
[16:41:57] ROTATE j6 -166.1 deg --(-60)--> target -226.1 deg; exceeds_155=True exceeds_180=True
[16:41:59] ROTATE move_to(rotated) ok=False
[16:42:01] ROTATE move_to(restore) ok=False joints_after=[11.2, 37.7, 111.3, 177.0, -68.0, -178.2]
[17:12:22] SCRAPE marker 1 pos=[ 0.4027  0.0508 -0.0116] euler_deg=[  3.3   -6.02 178.78] estimated=False
[12:40:18] SCRAPE marker 1 pos=[0.4044 0.0667 0.0127] euler_deg=[  2.07  -7.72 179.21] estimated=False
[12:44:08] SCRAPE marker 1 pos=[0.42   0.0924 0.0081] euler_deg=[-20.06 -25.11 172.35] estimated=None
[12:44:48] SCRAPE marker 1 pos=[0.42   0.0924 0.0081] euler_deg=[-20.06 -25.11 172.35] estimated=False
[12:45:47] SCRAPE marker 1 pos=[0.42   0.0924 0.0081] euler_deg=[-20.06 -25.11 172.35] estimated=False
[13:29:44] SCRAPE marker 1 pos=[0.4084 0.068  0.0083] euler_deg=[  4.35  -6.34 179.05] estimated=False
[13:31:55] SCRAPE marker 1 pos=[0.4084 0.068  0.0083] euler_deg=[  4.35  -6.34 179.05] estimated=False
[13:33:12] SCRAPE marker 1 pos=[0.4084 0.068  0.0083] euler_deg=[  4.35  -6.34 179.05] estimated=False
[13:36:55] SCRAPE marker 1 pos=[0.4084 0.068  0.0083] euler_deg=[  4.35  -6.34 179.05] estimated=False
[13:37:11] SCRAPE walk done joints_deg=[12.5, 43.0, 131.5, 177.9, -82.3, -165.8]
[13:37:11] ROTATE current_joints_deg=[12.5, 43.0, 131.5, 177.9, -82.3, -165.8]
[13:37:11] ROTATE j6 -165.8 deg --(-60)--> target -225.8 deg; exceeds_155=True exceeds_180=True
[13:37:13] ROTATE move_to(rotated) ok=False
[13:37:15] ROTATE move_to(restore) ok=False joints_after=[12.5, 43.0, 131.5, 177.9, -82.1, -178.2]
[13:48:51] SCRAPE marker 1 pos=[0.4081 0.0677 0.0094] euler_deg=[  4.14  -6.85 178.85] estimated=False
[13:49:04] SCRAPE walk done joints_deg=[12.7, 40.8, 127.9, 177.7, -80.5, -165.4]
[14:30:12] SCRAPE marker 1 pos=[0.4046 0.0627 0.0118] euler_deg=[  2.48  -5.02 179.66] estimated=False
[14:59:07] SCRAPE marker 1 pos=[0.4041 0.0651 0.0127] euler_deg=[  2.2   -6.87 179.43] estimated=False
[14:59:17] SCRAPE walk done joints_deg=[15.0, 40.5, 128.1, -4.5, 81.7, 16.4]
[15:00:58] SCRAPE marker 1 pos=[0.4041 0.0651 0.0127] euler_deg=[  2.2   -6.87 179.43] estimated=False
[15:02:19] SCRAPE marker 1 pos=[0.4041 0.0651 0.0127] euler_deg=[  2.2   -6.87 179.43] estimated=False
[15:02:28] SCRAPE walk done joints_deg=[15.0, 40.3, 127.7, -4.5, 81.5, 16.4]
[15:04:42] SCRAPE marker 1 pos=[0.4041 0.0651 0.0127] euler_deg=[  2.2   -6.87 179.43] estimated=False
[15:04:52] SCRAPE walk done joints_deg=[14.8, 40.4, 127.8, -4.5, 81.5, 16.2]
[15:06:01] SCRAPE marker 1 pos=[0.4041 0.0651 0.0127] euler_deg=[  2.2   -6.87 179.43] estimated=False
[15:06:11] SCRAPE walk done joints_deg=[15.0, 40.6, 128.2, -4.4, 81.6, 16.3]
[16:05:05] SCRAPE marker 1 pos=[0.4044 0.0619 0.0115] euler_deg=[  3.01  -4.65 179.69] estimated=False
[16:06:02] SCRAPE marker 1 pos=[0.4044 0.0619 0.0115] euler_deg=[  3.01  -4.65 179.69] estimated=False
[16:14:57] SCRAPE marker 1 pos=[0.4044 0.0619 0.0115] euler_deg=[  3.01  -4.65 179.69] estimated=False
[16:16:25] SCRAPE marker 1 pos=[0.4044 0.0619 0.0115] euler_deg=[  3.01  -4.65 179.69] estimated=False
[16:16:36] SCRAPE walk done joints_deg=[12.8, 50.5, 143.9, -3.3, 89.3, 13.7]
[16:17:19] SCRAPE marker 1 pos=[0.4044 0.0619 0.0115] euler_deg=[  3.01  -4.65 179.69] estimated=False
[16:17:29] SCRAPE walk done joints_deg=[12.8, 50.5, 143.9, -3.4, 89.3, 13.7]
[16:18:55] SCRAPE marker 1 pos=[0.4044 0.0619 0.0115] euler_deg=[  3.01  -4.65 179.69] estimated=False
[16:19:05] SCRAPE walk done joints_deg=[12.8, 50.5, 144.0, -3.4, 89.2, 13.7]
[16:23:59] SCRAPE marker 1 pos=[0.4044 0.0619 0.0115] euler_deg=[  3.01  -4.65 179.69] estimated=False
[16:26:05] SCRAPE marker 1 pos=[0.4046 0.0648 0.0125] euler_deg=[  1.98  -6.31 179.49] estimated=False
[16:26:15] SCRAPE walk done joints_deg=[14.9, 43.6, 133.1, -5.0, 84.1, 16.1]
[18:23:55] SCRAPE marker 1 pos=[-0.1615 -0.3317 -0.0082] euler_deg=[-1.81  8.04 90.  ] estimated=False
[18:25:30] SCRAPE marker 1 pos=[-0.1615 -0.3317 -0.0082] euler_deg=[-1.81  8.04 90.  ] estimated=False
[18:26:31] SCRAPE marker 1 pos=[-0.1615 -0.3317 -0.0082] euler_deg=[-1.81  8.04 90.  ] estimated=False
[18:26:49] SCRAPE walk done joints_deg=[-99.4, -31.1, -35.5, -14.1, 63.3, -3.2]
[10:18:42] SCRAPE marker 1 pos=[-0.1603 -0.3274 -0.0248] euler_deg=[  1.24   5.53 -88.98] estimated=False
[10:18:57] SCRAPE walk done joints_deg=[-115.5, -19.2, -45.2, -1.2, 65.4, 154.0]
[10:21:52] SCRAPE marker 1 pos=[-0.1603 -0.3274 -0.0248] euler_deg=[  1.24   5.53 -88.98] estimated=False
[10:22:07] SCRAPE walk done joints_deg=[-115.5, -19.2, -45.2, -1.2, 65.4, 154.0]
[10:45:34] SCRAPE marker 1 pos=[-0.1438 -0.3372 -0.0175] euler_deg=[ -1.83   0.32 -89.93] estimated=False
[10:45:49] SCRAPE walk done joints_deg=[-120.1, -19.9, -45.5, 5.4, 66.2, 147.5]
[10:46:49] SCRAPE marker 1 pos=[-0.1438 -0.3372 -0.0175] euler_deg=[ -1.83   0.32 -89.93] estimated=False
[10:47:03] SCRAPE walk done joints_deg=[-120.1, -19.9, -45.5, 5.4, 66.2, 147.5]
[19:32:55] SCRAPE marker 1 pos=[-0.1659 -0.3323 -0.025 ] euler_deg=[  2.15   1.26 -89.89] estimated=False
[17:16:02] SCRAPE marker 1 pos=[-0.1659 -0.3323 -0.025 ] euler_deg=[  2.15   1.26 -89.89] estimated=False
[17:42:30] SCRAPE marker 1 pos=[-0.1659 -0.3323 -0.025 ] euler_deg=[  2.15   1.26 -89.89] estimated=False
[17:43:00] SCRAPE walk done joints_deg=[-119.9, -12.9, -50.8, 2.3, 67.5, 149.0]
[17:43:10] SCRAPE marker 1 pos=[-0.1659 -0.3323 -0.025 ] euler_deg=[  2.15   1.26 -89.89] estimated=False
[17:52:19] SCRAPE marker 1 pos=[-0.1659 -0.3323 -0.025 ] euler_deg=[  2.15   1.26 -89.89] estimated=False
[17:52:34] SCRAPE walk done joints_deg=[-120.6, 17.8, -100.5, -177.9, -86.5, -30.8]
[20:54:16] SCRAPE marker 1 pos=[-0.1642 -0.3333 -0.0238] euler_deg=[  0.76   2.44 -89.04] estimated=False
[20:54:27] SCRAPE walk done joints_deg=[-119.7, -17.2, -61.8, 1.8, 81.0, 149.1]
[20:58:36] SCRAPE marker 1 pos=[-0.1642 -0.3333 -0.0238] euler_deg=[  1.27   2.59 -89.13] estimated=False
[20:58:46] SCRAPE walk done joints_deg=[-119.1, -16.5, -62.6, 1.5, 81.4, 149.8]
[20:59:56] SCRAPE marker 1 pos=[-0.1642 -0.3333 -0.0238] euler_deg=[  1.27   2.59 -89.13] estimated=False
[21:00:07] SCRAPE walk done joints_deg=[-121.1, 16.8, -100.8, 177.1, -83.7, -31.7]
[21:10:22] SCRAPE marker 1 pos=[-0.1642 -0.3333 -0.0238] euler_deg=[  1.27   2.59 -89.13] estimated=False
[21:10:33] SCRAPE walk done joints_deg=[-121.3, -14.8, -63.8, -2.9, 78.4, 148.4]
[22:10:52] SCRAPE marker 1 pos=[-0.1642 -0.3333 -0.0238] euler_deg=[  1.27   2.59 -89.13] estimated=False
[22:11:04] SCRAPE walk done joints_deg=[-121.3, -14.8, -63.8, -2.9, 78.3, 148.4]
[22:21:24] SCRAPE marker 1 pos=[-0.1642 -0.3333 -0.0238] euler_deg=[  1.27   2.59 -89.13] estimated=False
[22:21:35] SCRAPE walk done joints_deg=[-121.3, -14.8, -63.8, -2.9, 78.3, 148.4]
[22:25:54] SCRAPE marker 1 pos=[-0.1642 -0.3333 -0.0238] euler_deg=[  1.27   2.59 -89.13] estimated=False
[22:26:06] SCRAPE walk done joints_deg=[-121.3, -14.7, -63.8, -2.9, 78.3, 148.4]
[16:54:16] SCRAPE marker 1 pos=[-0.1642 -0.3333 -0.0238] euler_deg=[  1.27   2.59 -89.13] estimated=False
[16:54:56] SCRAPE walk done joints_deg=[-121.1, 16.9, -100.7, 177.1, -83.7, -31.7]
[16:56:47] SCRAPE marker 1 pos=[-0.1642 -0.3333 -0.0238] euler_deg=[  1.27   2.59 -89.13] estimated=False
[16:57:06] SCRAPE walk done joints_deg=[-121.1, 17.0, -100.8, 177.1, -83.6, -31.7]
